Archive member included to satisfy reference by file (symbol)

/usr/lib/gcc/arm-none-eabi/5.4.1/armv6-m/libgcc.a(_thumb1_case_uqi.o)
                              usb/class/cdc/device/cdcdf_acm.o (__gnu_thumb1_case_uqi)
/usr/lib/gcc/arm-none-eabi/5.4.1/armv6-m/libgcc.a(_thumb1_case_uhi.o)
                              usb/device/usbdc.o (__gnu_thumb1_case_uhi)
/usr/lib/gcc/arm-none-eabi/5.4.1/armv6-m/libgcc.a(_udivsi3.o)
                              hpl/core/hpl_core_m0plus_base.o (__aeabi_uidiv)
/usr/lib/gcc/arm-none-eabi/5.4.1/armv6-m/libgcc.a(_dvmd_tls.o)
                              /usr/lib/gcc/arm-none-eabi/5.4.1/armv6-m/libgcc.a(_udivsi3.o) (__aeabi_idiv0)
/usr/lib/gcc/arm-none-eabi/5.4.1/armv6-m/libgcc.a(_aeabi_uldivmod.o)
                              hpl/sercom/hpl_sercom.o (__aeabi_uldivmod)
/usr/lib/gcc/arm-none-eabi/5.4.1/armv6-m/libgcc.a(_muldi3.o)
                              hpl/sercom/hpl_sercom.o (__aeabi_lmul)
/usr/lib/gcc/arm-none-eabi/5.4.1/armv6-m/libgcc.a(_fixunsdfsi.o)
                              hpl/sercom/hpl_sercom.o (__aeabi_d2uiz)
/usr/lib/gcc/arm-none-eabi/5.4.1/armv6-m/libgcc.a(_udivmoddi4.o)
                              /usr/lib/gcc/arm-none-eabi/5.4.1/armv6-m/libgcc.a(_aeabi_uldivmod.o) (__udivmoddi4)
/usr/lib/gcc/arm-none-eabi/5.4.1/armv6-m/libgcc.a(divdf3.o)
                              hpl/sercom/hpl_sercom.o (__aeabi_ddiv)
/usr/lib/gcc/arm-none-eabi/5.4.1/armv6-m/libgcc.a(muldf3.o)
                              hpl/sercom/hpl_sercom.o (__aeabi_dmul)
/usr/lib/gcc/arm-none-eabi/5.4.1/armv6-m/libgcc.a(subdf3.o)
                              hpl/sercom/hpl_sercom.o (__aeabi_dsub)
/usr/lib/gcc/arm-none-eabi/5.4.1/armv6-m/libgcc.a(fixdfsi.o)
                              /usr/lib/gcc/arm-none-eabi/5.4.1/armv6-m/libgcc.a(_fixunsdfsi.o) (__aeabi_d2iz)
/usr/lib/gcc/arm-none-eabi/5.4.1/armv6-m/libgcc.a(floatsidf.o)
                              hpl/sercom/hpl_sercom.o (__aeabi_i2d)
/usr/lib/gcc/arm-none-eabi/5.4.1/armv6-m/libgcc.a(floatunsidf.o)
                              hpl/sercom/hpl_sercom.o (__aeabi_ui2d)
/usr/lib/gcc/arm-none-eabi/5.4.1/armv6-m/libgcc.a(_arm_cmpdf2.o)
                              /usr/lib/gcc/arm-none-eabi/5.4.1/armv6-m/libgcc.a(_fixunsdfsi.o) (__aeabi_dcmpge)
/usr/lib/gcc/arm-none-eabi/5.4.1/armv6-m/libgcc.a(_clzsi2.o)
                              /usr/lib/gcc/arm-none-eabi/5.4.1/armv6-m/libgcc.a(divdf3.o) (__clzsi2)
/usr/lib/gcc/arm-none-eabi/5.4.1/armv6-m/libgcc.a(_clzdi2.o)
                              /usr/lib/gcc/arm-none-eabi/5.4.1/armv6-m/libgcc.a(_udivmoddi4.o) (__clzdi2)
/usr/lib/gcc/arm-none-eabi/5.4.1/armv6-m/libgcc.a(eqdf2.o)
                              /usr/lib/gcc/arm-none-eabi/5.4.1/armv6-m/libgcc.a(_arm_cmpdf2.o) (__eqdf2)
/usr/lib/gcc/arm-none-eabi/5.4.1/armv6-m/libgcc.a(gedf2.o)
                              /usr/lib/gcc/arm-none-eabi/5.4.1/armv6-m/libgcc.a(_arm_cmpdf2.o) (__gedf2)
/usr/lib/gcc/arm-none-eabi/5.4.1/armv6-m/libgcc.a(ledf2.o)
                              /usr/lib/gcc/arm-none-eabi/5.4.1/armv6-m/libgcc.a(_arm_cmpdf2.o) (__ledf2)
/usr/lib/gcc/arm-none-eabi/5.4.1/../../../arm-none-eabi/lib/armv6-m/libc_nano.a(lib_a-atexit.o)
                              /usr/lib/gcc/arm-none-eabi/5.4.1/../../../arm-none-eabi/lib/armv6-m/crt0.o (atexit)
/usr/lib/gcc/arm-none-eabi/5.4.1/../../../arm-none-eabi/lib/armv6-m/libc_nano.a(lib_a-exit.o)
                              /usr/lib/gcc/arm-none-eabi/5.4.1/../../../arm-none-eabi/lib/armv6-m/crt0.o (exit)
/usr/lib/gcc/arm-none-eabi/5.4.1/../../../arm-none-eabi/lib/armv6-m/libc_nano.a(lib_a-fini.o)
                              /usr/lib/gcc/arm-none-eabi/5.4.1/../../../arm-none-eabi/lib/armv6-m/crt0.o (__libc_fini_array)
/usr/lib/gcc/arm-none-eabi/5.4.1/../../../arm-none-eabi/lib/armv6-m/libc_nano.a(lib_a-impure.o)
                              /usr/lib/gcc/arm-none-eabi/5.4.1/../../../arm-none-eabi/lib/armv6-m/libc_nano.a(lib_a-exit.o) (_global_impure_ptr)
/usr/lib/gcc/arm-none-eabi/5.4.1/../../../arm-none-eabi/lib/armv6-m/libc_nano.a(lib_a-init.o)
                              /usr/lib/gcc/arm-none-eabi/5.4.1/../../../arm-none-eabi/lib/armv6-m/crt0.o (__libc_init_array)
/usr/lib/gcc/arm-none-eabi/5.4.1/../../../arm-none-eabi/lib/armv6-m/libc_nano.a(lib_a-memcpy-stub.o)
                              usb/class/cdc/device/cdcdf_acm.o (memcpy)
/usr/lib/gcc/arm-none-eabi/5.4.1/../../../arm-none-eabi/lib/armv6-m/libc_nano.a(lib_a-memset.o)
                              /usr/lib/gcc/arm-none-eabi/5.4.1/../../../arm-none-eabi/lib/armv6-m/crt0.o (memset)
/usr/lib/gcc/arm-none-eabi/5.4.1/../../../arm-none-eabi/lib/armv6-m/libc_nano.a(lib_a-printf.o)
                              hal/utils/src/utils_syscalls.o (printf)
/usr/lib/gcc/arm-none-eabi/5.4.1/../../../arm-none-eabi/lib/armv6-m/libc_nano.a(lib_a-__atexit.o)
                              /usr/lib/gcc/arm-none-eabi/5.4.1/../../../arm-none-eabi/lib/armv6-m/libc_nano.a(lib_a-atexit.o) (__register_exitproc)
[...]
Memory Configuration

Name             Origin             Length             Attributes
rom              0x0000000000000000 0x0000000000004000 xr
ram              0x0000000020000000 0x0000000000001000 xrw
*default*        0x0000000000000000 0xffffffffffffffff

Linker script and memory map

LOAD /usr/lib/gcc/arm-none-eabi/5.4.1/armv6-m/crti.o
LOAD /usr/lib/gcc/arm-none-eabi/5.4.1/armv6-m/crtbegin.o
LOAD /usr/lib/gcc/arm-none-eabi/5.4.1/../../../arm-none-eabi/lib/armv6-m/crt0.o
LOAD hal/src/hal_io.o
LOAD usb/class/cdc/device/cdcdf_acm.o
LOAD hal/utils/src/utils_syscalls.o
LOAD hal/src/hal_spi_m_sync.o
LOAD hpl/usb/hpl_usb.o
LOAD hal/src/hal_delay.o
LOAD hpl/pm/hpl_pm.o
LOAD hpl/core/hpl_init.o
LOAD hal/utils/src/utils_list.o
LOAD hpl/core/hpl_core_m0plus_base.o
LOAD hal/utils/src/utils_assert.o
LOAD usb_start.o
LOAD hpl/sysctrl/hpl_sysctrl.o
LOAD hpl/gclk/hpl_gclk.o
LOAD usb/usb_protocol.o
LOAD hal/src/hal_init.o
LOAD hal/src/hal_usb_device.o
LOAD main.o
LOAD examples/driver_examples.o
LOAD driver_init.o
LOAD hpl/sercom/hpl_sercom.o
LOAD hal/src/hal_gpio.o
LOAD hal/utils/src/utils_event.o
LOAD hal/src/hal_sleep.o
LOAD gcc/system_samd11.o
LOAD hpl/dmac/hpl_dmac.o
LOAD atmel_start.o
LOAD usb/device/usbdc.o
LOAD gcc/gcc/startup_samd11.o
LOAD hal/src/hal_atomic.o
START GROUP
LOAD /usr/lib/gcc/arm-none-eabi/5.4.1/../../../arm-none-eabi/lib/armv6-m/libm.a
END GROUP
START GROUP
LOAD /usr/lib/gcc/arm-none-eabi/5.4.1/armv6-m/libgcc.a
LOAD /usr/lib/gcc/arm-none-eabi/5.4.1/../../../arm-none-eabi/lib/armv6-m/libc_nano.a
END GROUP
START GROUP
LOAD /usr/lib/gcc/arm-none-eabi/5.4.1/armv6-m/libgcc.a
LOAD /usr/lib/gcc/arm-none-eabi/5.4.1/../../../arm-none-eabi/lib/armv6-m/libc_nano.a
END GROUP
LOAD /usr/lib/gcc/arm-none-eabi/5.4.1/armv6-m/crtend.o
LOAD /usr/lib/gcc/arm-none-eabi/5.4.1/armv6-m/crtn.o
                0x0000000000000400                STACK_SIZE = DEFINED (STACK_SIZE)?STACK_SIZE:DEFINED (__stack_size__)?__stack_size__:0x400

.text           0x0000000000000000     0x280c
                0x0000000000000000                . = ALIGN (0x4)
                0x0000000000000000                _sfixed = .
 *(.vectors .vectors.*)
 .vectors       0x0000000000000000       0x8c gcc/gcc/startup_samd11.o
                0x0000000000000000                exception_table
 *(.text .text.* .gnu.linkonce.t.*)
 .text          0x000000000000008c       0xb4 /usr/lib/gcc/arm-none-eabi/5.4.1/armv6-m/crtbegin.o
 .text.cdcdf_acm_req
                0x0000000000000140       0xe4 usb/class/cdc/device/cdcdf_acm.o
 .text.cdcdf_acm_ctrl
                0x0000000000000224      0x124 usb/class/cdc/device/cdcdf_acm.o
 .text.cdcdf_acm_init
                0x0000000000000348       0x44 usb/class/cdc/device/cdcdf_acm.o
                0x0000000000000348                cdcdf_acm_init
 .text.spi_m_sync_init
                0x000000000000038c       0x54 hal/src/hal_spi_m_sync.o
                0x000000000000038c                spi_m_sync_init
 .text.spi_m_sync_transfer
                0x00000000000003e0       0x44 hal/src/hal_spi_m_sync.o
                0x00000000000003e0                spi_m_sync_transfer
 .text._spi_m_sync_io_write
                0x0000000000000424       0x38 hal/src/hal_spi_m_sync.o
 .text._spi_m_sync_io_read
                0x000000000000045c       0x38 hal/src/hal_spi_m_sync.o
 .text._dummy_func_no_return
                0x0000000000000494        0x4 hpl/usb/hpl_usb.o
 .text._usb_d_dev_wait_dfll_rdy
                0x0000000000000498       0x24 hpl/usb/hpl_usb.o
 .text._usb_d_dev_ept
                0x00000000000004bc       0x1c hpl/usb/hpl_usb.o
 .text._usb_d_dev_handle_setup
                0x00000000000004d8       0x78 hpl/usb/hpl_usb.o
 .text._usb_d_dev_handle_stall
                0x0000000000000550       0x30 hpl/usb/hpl_usb.o
 .text._usb_d_dev_trans_done
                0x0000000000000580       0x24 hpl/usb/hpl_usb.o
 .text._usb_d_dev_trans_stop
                0x00000000000005a4       0x74 hpl/usb/hpl_usb.o
 .text._usb_d_dev_handle_trfail
                0x0000000000000618      0x104 hpl/usb/hpl_usb.o
 .text._usb_d_dev_reset_epts
                0x000000000000071c       0x3c hpl/usb/hpl_usb.o
 .text._usb_d_dev_in_next
                0x0000000000000758      0x150 hpl/usb/hpl_usb.o
 .text._usb_d_dev_out_next
                0x00000000000008a8      0x1e0 hpl/usb/hpl_usb.o
 .text._usbd_ep_pcksize_size
                0x0000000000000a88       0x38 hpl/usb/hpl_usb.o
 .text._usb_d_dev_init
                0x0000000000000ac0       0xb0 hpl/usb/hpl_usb.o
                0x0000000000000ac0                _usb_d_dev_init
 .text._usb_d_dev_enable
                0x0000000000000b70       0x38 hpl/usb/hpl_usb.o
                0x0000000000000b70                _usb_d_dev_enable
 .text._usb_d_dev_attach
                0x0000000000000ba8       0x10 hpl/usb/hpl_usb.o
                0x0000000000000ba8                _usb_d_dev_attach
 .text._usb_d_dev_set_address
                0x0000000000000bb8       0x10 hpl/usb/hpl_usb.o
                0x0000000000000bb8                _usb_d_dev_set_address
 .text._usb_d_dev_ep_init
                0x0000000000000bc8       0xd8 hpl/usb/hpl_usb.o
                0x0000000000000bc8                _usb_d_dev_ep_init
 .text._usb_d_dev_ep_deinit
                0x0000000000000ca0       0x78 hpl/usb/hpl_usb.o
                0x0000000000000ca0                _usb_d_dev_ep_deinit
 .text._usb_d_dev_ep_enable
                0x0000000000000d18      0x15c hpl/usb/hpl_usb.o
                0x0000000000000d18                _usb_d_dev_ep_enable
 .text._usb_d_dev_ep_stall
                0x0000000000000e74       0xd0 hpl/usb/hpl_usb.o
                0x0000000000000e74                _usb_d_dev_ep_stall
 .text._usb_d_dev_ep_read_req
                0x0000000000000f44       0x58 hpl/usb/hpl_usb.o
                0x0000000000000f44                _usb_d_dev_ep_read_req
 .text._usb_d_dev_ep_trans
                0x0000000000000f9c      0x12c hpl/usb/hpl_usb.o
                0x0000000000000f9c                _usb_d_dev_ep_trans
 .text._usb_d_dev_register_callback
                0x00000000000010c8       0x24 hpl/usb/hpl_usb.o
                0x00000000000010c8                _usb_d_dev_register_callback
 .text._usb_d_dev_register_ep_callback
                0x00000000000010ec       0x30 hpl/usb/hpl_usb.o
                0x00000000000010ec                _usb_d_dev_register_ep_callback
 .text.USB_Handler
                0x000000000000111c      0x1d8 hpl/usb/hpl_usb.o
                0x000000000000111c                USB_Handler
 .text._pm_init
                0x00000000000012f4       0x20 hpl/pm/hpl_pm.o
                0x00000000000012f4                _pm_init
 .text._init_chip
                0x0000000000001314       0x38 hpl/core/hpl_init.o
                0x0000000000001314                _init_chip
 .text.is_list_element
                0x000000000000134c        0xe hal/utils/src/utils_list.o
                0x000000000000134c                is_list_element
 *fill*         0x000000000000135a        0x2 
 .text.list_insert_at_end
                0x000000000000135c       0x40 hal/utils/src/utils_list.o
                0x000000000000135c                list_insert_at_end
 .text.assert   0x000000000000139c        0x8 hal/utils/src/utils_assert.o
                0x000000000000139c                assert
 .text.cdc_device_acm_init
                0x00000000000013a4       0x34 usb_start.o
                0x00000000000013a4                cdc_device_acm_init
 .text.usb_init
                0x00000000000013d8        0xc usb_start.o
                0x00000000000013d8                usb_init
 .text._sysctrl_init_sources
                0x00000000000013e4       0x5c hpl/sysctrl/hpl_sysctrl.o
                0x00000000000013e4                _sysctrl_init_sources
 .text._sysctrl_init_referenced_generators
                0x0000000000001440       0x74 hpl/sysctrl/hpl_sysctrl.o
                0x0000000000001440                _sysctrl_init_referenced_generators
 .text._gclk_init_generators_by_fref
                0x00000000000014b4       0x44 hpl/gclk/hpl_gclk.o
                0x00000000000014b4                _gclk_init_generators_by_fref
 .text.usb_find_desc
                0x00000000000014f8       0x1a usb/usb_protocol.o
                0x00000000000014f8                usb_find_desc
 .text.usb_find_ep_desc
                0x0000000000001512       0x1c usb/usb_protocol.o
                0x0000000000001512                usb_find_ep_desc
 *fill*         0x000000000000152e        0x2 
 .text.usb_find_cfg_desc
                0x0000000000001530       0x40 usb/usb_protocol.o
                0x0000000000001530                usb_find_cfg_desc
 .text.usb_find_str_desc
                0x0000000000001570       0x30 usb/usb_protocol.o
                0x0000000000001570                usb_find_str_desc
 .text._usb_d_find_ep
                0x00000000000015a0       0x28 hal/src/hal_usb_device.o
 .text.usb_d_dummy_cb_false
                0x00000000000015c8        0x4 hal/src/hal_usb_device.o
 .text.usb_d_cb_trans_more
                0x00000000000015cc       0x2c hal/src/hal_usb_device.o
 .text._usb_d_cb_trans_done
                0x00000000000015f8       0xfc hal/src/hal_usb_device.o
 .text.usb_d_cb_trans_setup
                0x00000000000016f4       0x84 hal/src/hal_usb_device.o
 .text.usb_d_init
                0x0000000000001778       0x5c hal/src/hal_usb_device.o
                0x0000000000001778                usb_d_init
 .text.usb_d_register_callback
                0x00000000000017d4        0xc hal/src/hal_usb_device.o
                0x00000000000017d4                usb_d_register_callback
 .text.usb_d_enable
                0x00000000000017e0        0xc hal/src/hal_usb_device.o
                0x00000000000017e0                usb_d_enable
 .text.usb_d_attach
                0x00000000000017ec        0xc hal/src/hal_usb_device.o
                0x00000000000017ec                usb_d_attach
 .text.usb_d_set_address
                0x00000000000017f8        0xc hal/src/hal_usb_device.o
                0x00000000000017f8                usb_d_set_address
 .text.usb_d_ep_init
                0x0000000000001804       0x50 hal/src/hal_usb_device.o
                0x0000000000001804                usb_d_ep_init
 .text.usb_d_ep0_init
                0x0000000000001854       0x14 hal/src/hal_usb_device.o
                0x0000000000001854                usb_d_ep0_init
 .text.usb_d_ep_deinit
                0x0000000000001868       0x2c hal/src/hal_usb_device.o
                0x0000000000001868                usb_d_ep_deinit
 .text.usb_d_ep_enable
                0x0000000000001894       0x40 hal/src/hal_usb_device.o
                0x0000000000001894                usb_d_ep_enable
 .text.usb_d_ep_transfer
                0x00000000000018d4       0xf8 hal/src/hal_usb_device.o
                0x00000000000018d4                usb_d_ep_transfer
 .text.usb_d_ep_halt
                0x00000000000019cc       0x60 hal/src/hal_usb_device.o
                0x00000000000019cc                usb_d_ep_halt
 .text.usb_d_ep_register_callback
                0x0000000000001a2c       0x4c hal/src/hal_usb_device.o
                0x0000000000001a2c                usb_d_ep_register_callback
 .text.startup.main
                0x0000000000001a78        0xc main.o
                0x0000000000001a78                main
 .text._gpio_set_pin_function
                0x0000000000001a84       0x64 driver_init.o
 .text.SPI_0_PORT_init
                0x0000000000001ae8       0x78 driver_init.o
                0x0000000000001ae8                SPI_0_PORT_init
 .text.SPI_0_CLOCK_init
                0x0000000000001b60       0x20 driver_init.o
                0x0000000000001b60                SPI_0_CLOCK_init
 .text.SPI_0_init
                0x0000000000001b80       0x28 driver_init.o
                0x0000000000001b80                SPI_0_init
 .text.USB_0_PORT_init
                0x0000000000001ba8       0x68 driver_init.o
                0x0000000000001ba8                USB_0_PORT_init
 .text.USB_0_CLOCK_init
                0x0000000000001c10       0x28 driver_init.o
                0x0000000000001c10                USB_0_CLOCK_init
 .text.USB_0_init
                0x0000000000001c38       0x1c driver_init.o
                0x0000000000001c38                USB_0_init
 .text.system_init
                0x0000000000001c54       0x1c driver_init.o
                0x0000000000001c54                system_init
 .text._spi_m_sync_init
                0x0000000000001c70      0x194 hpl/sercom/hpl_sercom.o
                0x0000000000001c70                _spi_m_sync_init
 .text._spi_m_sync_trans
                0x0000000000001e04       0xdc hpl/sercom/hpl_sercom.o
                0x0000000000001e04                _spi_m_sync_trans
 .text.atmel_start_init
                0x0000000000001ee0       0x14 atmel_start.o
                0x0000000000001ee0                atmel_start_init
 .text.usbdc_unconfig
                0x0000000000001ef4       0x20 usb/device/usbdc.o
 .text.usbdc_change_notify
                0x0000000000001f14       0x24 usb/device/usbdc.o
 .text.usbdc_request_handler
                0x0000000000001f38       0x3c usb/device/usbdc.o
 .text.usbd_sof_cb
                0x0000000000001f74       0x1c usb/device/usbdc.o
 .text.usbdc_cb_ctl_done
                0x0000000000001f90       0x74 usb/device/usbdc.o
 .text.usbdc_reset
                0x0000000000002004       0x58 usb/device/usbdc.o
                0x0000000000002004                usbdc_reset
 .text.usbd_event_cb
                0x000000000000205c       0x20 usb/device/usbdc.o
 .text.usbdc_xfer
                0x000000000000207c       0x1c usb/device/usbdc.o
                0x000000000000207c                usbdc_xfer
 .text.usbdc_cb_ctl_req
                0x0000000000002098      0x33c usb/device/usbdc.o
 .text.usbdc_register_handler
                0x00000000000023d4       0x2c usb/device/usbdc.o
                0x00000000000023d4                usbdc_register_handler
 .text.usbdc_init
                0x0000000000002400       0x60 usb/device/usbdc.o
                0x0000000000002400                usbdc_init
 .text.usbdc_register_function
                0x0000000000002460       0x18 usb/device/usbdc.o
                0x0000000000002460                usbdc_register_function
 .text.usbdc_start
                0x0000000000002478       0x34 usb/device/usbdc.o
                0x0000000000002478                usbdc_start
 .text.usbdc_attach
                0x00000000000024ac        0xc usb/device/usbdc.o
                0x00000000000024ac                usbdc_attach
 .text.usbdc_get_ctrl_buffer
                0x00000000000024b8        0xc usb/device/usbdc.o
                0x00000000000024b8                usbdc_get_ctrl_buffer
 .text.usbdc_get_state
                0x00000000000024c4       0x14 usb/device/usbdc.o
                0x00000000000024c4                usbdc_get_state
 .text.Dummy_Handler
                0x00000000000024d8        0x2 gcc/gcc/startup_samd11.o
                0x00000000000024d8                DMAC_Handler
                0x00000000000024d8                HardFault_Handler
                0x00000000000024d8                TC2_Handler
                0x00000000000024d8                AC_Handler
                0x00000000000024d8                SysTick_Handler
                0x00000000000024d8                PendSV_Handler
                0x00000000000024d8                NMI_Handler
                0x00000000000024d8                SERCOM1_Handler
                0x00000000000024d8                ADC_Handler
                0x00000000000024d8                TCC0_Handler
                0x00000000000024d8                RTC_Handler
                0x00000000000024d8                EIC_Handler
                0x00000000000024d8                WDT_Handler
                0x00000000000024d8                TC1_Handler
                0x00000000000024d8                Dummy_Handler
                0x00000000000024d8                PM_Handler
                0x00000000000024d8                SVC_Handler
                0x00000000000024d8                EVSYS_Handler
                0x00000000000024d8                NVMCTRL_Handler
                0x00000000000024d8                SERCOM0_Handler
                0x00000000000024d8                DAC_Handler
                0x00000000000024d8                PTC_Handler
                0x00000000000024d8                SYSCTRL_Handler
 *fill*         0x00000000000024da        0x2 
 .text.Reset_Handler
                0x00000000000024dc       0xbc gcc/gcc/startup_samd11.o
                0x00000000000024dc                Reset_Handler
 .text.atomic_enter_critical
                0x0000000000002598        0xe hal/src/hal_atomic.o
                0x0000000000002598                atomic_enter_critical
 .text.atomic_leave_critical
                0x00000000000025a6        0xc hal/src/hal_atomic.o
                0x00000000000025a6                atomic_leave_critical
 *fill*         0x00000000000025b2        0x2 
 .text          0x00000000000025b4       0x14 /usr/lib/gcc/arm-none-eabi/5.4.1/armv6-m/libgcc.a(_thumb1_case_uqi.o)
                0x00000000000025b4                __gnu_thumb1_case_uqi
 .text          0x00000000000025c8       0x14 /usr/lib/gcc/arm-none-eabi/5.4.1/armv6-m/libgcc.a(_thumb1_case_uhi.o)
                0x00000000000025c8                __gnu_thumb1_case_uhi
 .text          0x00000000000025dc       0x48 /usr/lib/gcc/arm-none-eabi/5.4.1/../../../arm-none-eabi/lib/armv6-m/libc_nano.a(lib_a-init.o)
                0x00000000000025dc                __libc_init_array
 .text          0x0000000000002624       0x7c /usr/lib/gcc/arm-none-eabi/5.4.1/../../../arm-none-eabi/lib/armv6-m/libc_nano.a(lib_a-memcpy-stub.o)
                0x0000000000002624                memcpy
 .text          0x00000000000026a0       0x8c /usr/lib/gcc/arm-none-eabi/5.4.1/../../../arm-none-eabi/lib/armv6-m/libc_nano.a(lib_a-memset.o)
                0x00000000000026a0                memset
 *(.glue_7t)
 .glue_7t       0x000000000000272c        0x0 linker stubs
 *(.glue_7)
 .glue_7        0x000000000000272c        0x0 linker stubs
 *(.rodata .rodata* .gnu.linkonce.r.*)
 .rodata.str1.1
                0x000000000000272c       0x1c hal/src/hal_spi_m_sync.o
 .rodata        0x0000000000002748       0x28 hpl/usb/hpl_usb.o
 .rodata.str1.1
                0x0000000000002770       0x1e hal/utils/src/utils_list.o
 *fill*         0x000000000000278e        0x2 
 .rodata        0x0000000000002790       0x29 hpl/sercom/hpl_sercom.o
 .rodata.str1.1
                0x00000000000027b9       0x1b hpl/sercom/hpl_sercom.o
 .rodata.str1.1
                0x00000000000027d4       0x16 usb/device/usbdc.o
 *(.ARM.extab* .gnu.linkonce.armextab.*)
                0x00000000000027ec                . = ALIGN (0x4)
 *fill*         0x00000000000027ea        0x2 
 *(.init)
 .init          0x00000000000027ec        0x4 /usr/lib/gcc/arm-none-eabi/5.4.1/armv6-m/crti.o
                0x00000000000027ec                _init
 .init          0x00000000000027f0        0x8 /usr/lib/gcc/arm-none-eabi/5.4.1/armv6-m/crtn.o
                0x00000000000027f8                . = ALIGN (0x4)
                0x00000000000027f8                __preinit_array_start = .
 *(.preinit_array)
                0x00000000000027f8                __preinit_array_end = .
                0x00000000000027f8                . = ALIGN (0x4)
                0x00000000000027f8                __init_array_start = .
 *(SORT(.init_array.*))
 *(.init_array)
 .init_array    0x00000000000027f8        0x4 /usr/lib/gcc/arm-none-eabi/5.4.1/armv6-m/crtbegin.o
                0x00000000000027fc                __init_array_end = .
                0x00000000000027fc                . = ALIGN (0x4)
 *crtbegin.o(.ctors)
 *(EXCLUDE_FILE(*crtend.o) .ctors)
 *(SORT(.ctors.*))
 *crtend.o(.ctors)
                0x00000000000027fc                . = ALIGN (0x4)
 *(.fini)
 .fini          0x00000000000027fc        0x4 /usr/lib/gcc/arm-none-eabi/5.4.1/armv6-m/crti.o
                0x00000000000027fc                _fini
 .fini          0x0000000000002800        0x8 /usr/lib/gcc/arm-none-eabi/5.4.1/armv6-m/crtn.o
                0x0000000000002808                . = ALIGN (0x4)
                0x0000000000002808                __fini_array_start = .
 *(.fini_array)
 .fini_array    0x0000000000002808        0x4 /usr/lib/gcc/arm-none-eabi/5.4.1/armv6-m/crtbegin.o
 *(SORT(.fini_array.*))
                0x000000000000280c                __fini_array_end = .
 *crtbegin.o(.dtors)
 *(EXCLUDE_FILE(*crtend.o) .dtors)
 *(SORT(.dtors.*))
 *crtend.o(.dtors)
                0x000000000000280c                . = ALIGN (0x4)
                0x000000000000280c                _efixed = .
                [!provide]                        PROVIDE (__exidx_start, .)

.vfp11_veneer   0x000000000000280c        0x0
 .vfp11_veneer  0x000000000000280c        0x0 linker stubs

.v4_bx          0x000000000000280c        0x0
 .v4_bx         0x000000000000280c        0x0 linker stubs

.iplt           0x000000000000280c        0x0
 .iplt          0x000000000000280c        0x0 /usr/lib/gcc/arm-none-eabi/5.4.1/armv6-m/crtbegin.o

.eh_frame       0x000000000000280c        0x0
 .eh_frame      0x000000000000280c        0x0 /usr/lib/gcc/arm-none-eabi/5.4.1/armv6-m/crtbegin.o

.rel.dyn        0x000000000000280c        0x0
 .rel.iplt      0x000000000000280c        0x0 /usr/lib/gcc/arm-none-eabi/5.4.1/armv6-m/crtbegin.o

.jcr            0x000000000000280c        0x0
 .jcr           0x000000000000280c        0x0 /usr/lib/gcc/arm-none-eabi/5.4.1/armv6-m/crtbegin.o

.tm_clone_table
                0x000000000000280c        0x0
 .tm_clone_table
                0x000000000000280c        0x0 /usr/lib/gcc/arm-none-eabi/5.4.1/armv6-m/crtbegin.o
 .tm_clone_table
                0x000000000000280c        0x0 /usr/lib/gcc/arm-none-eabi/5.4.1/armv6-m/crtend.o

.igot.plt       0x000000000000280c        0x0
 .igot.plt      0x000000000000280c        0x0 /usr/lib/gcc/arm-none-eabi/5.4.1/armv6-m/crtbegin.o

.ARM.exidx
 *(.ARM.exidx* .gnu.linkonce.armexidx.*)
                [!provide]                        PROVIDE (__exidx_end, .)
                0x000000000000280c                . = ALIGN (0x4)
                0x000000000000280c                _etext = .

.relocate       0x0000000020000000       0x68 load address 0x000000000000280c
                0x0000000020000000                . = ALIGN (0x4)
                0x0000000020000000                _srelocate = .
 *(.ramfunc .ramfunc.*)
 *(.data .data.*)
 .data          0x0000000020000000        0x8 usb/class/cdc/device/cdcdf_acm.o
 .data          0x0000000020000008       0x5d usb_start.o
                0x0000000020000068                . = ALIGN (0x4)
 *fill*         0x0000000020000065        0x3 
                0x0000000020000068                _erelocate = .

.bss            0x0000000020000068      0x284 load address 0x0000000000002874
                0x0000000020000068                . = ALIGN (0x4)
                0x0000000020000068                _sbss = .
                0x0000000020000068                _szero = .
 *(.bss .bss.*)
 .bss           0x0000000020000068       0x1c /usr/lib/gcc/arm-none-eabi/5.4.1/armv6-m/crtbegin.o
 .bss           0x0000000020000084       0x24 usb/class/cdc/device/cdcdf_acm.o
 .bss           0x00000000200000a8      0x170 hpl/usb/hpl_usb.o
 .bss           0x0000000020000218       0x80 usb_start.o
 .bss           0x0000000020000298       0x20 hal/src/hal_usb_device.o
 .bss           0x00000000200002b8       0x20 usb/device/usbdc.o
 *(COMMON)
 COMMON         0x00000000200002d8       0x14 driver_init.o
                0x00000000200002d8                SPI_0
                0x00000000200002ec                . = ALIGN (0x4)
                0x00000000200002ec                _ebss = .
                0x00000000200002ec                _ezero = .

.stack          0x00000000200002ec      0x404 load address 0x0000000000002af8
                0x00000000200002f0                . = ALIGN (0x8)
 *fill*         0x00000000200002ec        0x4 
                0x00000000200002f0                _sstack = .
                0x00000000200006f0                . = (. + STACK_SIZE)
 *fill*         0x00000000200002f0      0x400 
                0x00000000200006f0                . = ALIGN (0x8)
                0x00000000200006f0                _estack = .
                0x00000000200006f0                . = ALIGN (0x4)
                0x00000000200006f0                _end = .
OUTPUT(AtmelStart.elf elf32-littlearm)

.ARM.attributes
                0x0000000000000000       0x28
 .ARM.attributes
                0x0000000000000000       0x1e /usr/lib/gcc/arm-none-eabi/5.4.1/armv6-m/crti.o
 .ARM.attributes
                0x000000000000001e       0x2c /usr/lib/gcc/arm-none-eabi/5.4.1/armv6-m/crtbegin.o
 .ARM.attributes
                0x000000000000004a       0x32 usb/class/cdc/device/cdcdf_acm.o
 .ARM.attributes
                0x000000000000007c       0x32 hal/src/hal_spi_m_sync.o
 .ARM.attributes
                0x00000000000000ae       0x32 hpl/usb/hpl_usb.o
 .ARM.attributes
                0x00000000000000e0       0x32 hpl/pm/hpl_pm.o
 .ARM.attributes
                0x0000000000000112       0x32 hpl/core/hpl_init.o
 .ARM.attributes
                0x0000000000000144       0x32 hal/utils/src/utils_list.o
 .ARM.attributes
                0x0000000000000176       0x32 hal/utils/src/utils_assert.o
 .ARM.attributes
                0x00000000000001a8       0x32 usb_start.o
 .ARM.attributes
                0x00000000000001da       0x32 hpl/sysctrl/hpl_sysctrl.o
 .ARM.attributes
                0x000000000000020c       0x32 hpl/gclk/hpl_gclk.o
 .ARM.attributes
                0x000000000000023e       0x32 usb/usb_protocol.o
 .ARM.attributes
                0x0000000000000270       0x32 hal/src/hal_usb_device.o
 .ARM.attributes
                0x00000000000002a2       0x32 main.o
 .ARM.attributes
                0x00000000000002d4       0x32 driver_init.o
 .ARM.attributes
                0x0000000000000306       0x32 hpl/sercom/hpl_sercom.o
 .ARM.attributes
                0x0000000000000338       0x32 atmel_start.o
 .ARM.attributes
                0x000000000000036a       0x32 usb/device/usbdc.o
 .ARM.attributes
                0x000000000000039c       0x32 gcc/gcc/startup_samd11.o
 .ARM.attributes
                0x00000000000003ce       0x32 hal/src/hal_atomic.o
 .ARM.attributes
                0x0000000000000400       0x1e /usr/lib/gcc/arm-none-eabi/5.4.1/armv6-m/libgcc.a(_thumb1_case_uqi.o)
 .ARM.attributes
                0x000000000000041e       0x1e /usr/lib/gcc/arm-none-eabi/5.4.1/armv6-m/libgcc.a(_thumb1_case_uhi.o)
 .ARM.attributes
                0x000000000000043c       0x2c /usr/lib/gcc/arm-none-eabi/5.4.1/../../../arm-none-eabi/lib/armv6-m/libc_nano.a(lib_a-init.o)
 .ARM.attributes
                0x0000000000000468       0x2c /usr/lib/gcc/arm-none-eabi/5.4.1/../../../arm-none-eabi/lib/armv6-m/libc_nano.a(lib_a-memcpy-stub.o)
 .ARM.attributes
                0x0000000000000494       0x2c /usr/lib/gcc/arm-none-eabi/5.4.1/../../../arm-none-eabi/lib/armv6-m/libc_nano.a(lib_a-memset.o)
 .ARM.attributes
                0x00000000000004c0       0x2c /usr/lib/gcc/arm-none-eabi/5.4.1/armv6-m/crtend.o
 .ARM.attributes
                0x00000000000004ec       0x1e /usr/lib/gcc/arm-none-eabi/5.4.1/armv6-m/crtn.o

.comment        0x0000000000000000       0x2b
 .comment       0x0000000000000000       0x2b /usr/lib/gcc/arm-none-eabi/5.4.1/armv6-m/crtbegin.o
                                         0x2c (size before relaxing)
 .comment       0x000000000000002b       0x2c usb/class/cdc/device/cdcdf_acm.o
 .comment       0x000000000000002b       0x2c hal/src/hal_spi_m_sync.o
 .comment       0x000000000000002b       0x2c hpl/usb/hpl_usb.o
 .comment       0x000000000000002b       0x2c hpl/pm/hpl_pm.o
 .comment       0x000000000000002b       0x2c hpl/core/hpl_init.o
 .comment       0x000000000000002b       0x2c hal/utils/src/utils_list.o
 .comment       0x000000000000002b       0x2c hal/utils/src/utils_assert.o
 .comment       0x000000000000002b       0x2c usb_start.o
 .comment       0x000000000000002b       0x2c hpl/sysctrl/hpl_sysctrl.o
 .comment       0x000000000000002b       0x2c hpl/gclk/hpl_gclk.o
 .comment       0x000000000000002b       0x2c usb/usb_protocol.o
 .comment       0x000000000000002b       0x2c hal/src/hal_usb_device.o
 .comment       0x000000000000002b       0x2c main.o
 .comment       0x000000000000002b       0x2c driver_init.o
 .comment       0x000000000000002b       0x2c hpl/sercom/hpl_sercom.o
 .comment       0x000000000000002b       0x2c atmel_start.o
 .comment       0x000000000000002b       0x2c usb/device/usbdc.o
 .comment       0x000000000000002b       0x2c gcc/gcc/startup_samd11.o
 .comment       0x000000000000002b       0x2c hal/src/hal_atomic.o
 .comment       0x000000000000002b       0x2c /usr/lib/gcc/arm-none-eabi/5.4.1/../../../arm-none-eabi/lib/armv6-m/libc_nano.a(lib_a-init.o)
 .comment       0x000000000000002b       0x2c /usr/lib/gcc/arm-none-eabi/5.4.1/../../../arm-none-eabi/lib/armv6-m/libc_nano.a(lib_a-memcpy-stub.o)
 .comment       0x000000000000002b       0x2c /usr/lib/gcc/arm-none-eabi/5.4.1/../../../arm-none-eabi/lib/armv6-m/libc_nano.a(lib_a-memset.o)
 .comment       0x000000000000002b       0x2c /usr/lib/gcc/arm-none-eabi/5.4.1/armv6-m/crtend.o

.debug_info     0x0000000000000000    0x20d74
 .debug_info    0x0000000000000000      0xcf8 usb/class/cdc/device/cdcdf_acm.o
 .debug_info    0x0000000000000cf8      0x816 hal/src/hal_spi_m_sync.o
 .debug_info    0x000000000000150e     0x65e3 hpl/usb/hpl_usb.o
 .debug_info    0x0000000000007af1      0xbd7 hpl/pm/hpl_pm.o
 .debug_info    0x00000000000086c8      0x5f1 hpl/core/hpl_init.o
 .debug_info    0x0000000000008cb9      0x2bc hal/utils/src/utils_list.o
 .debug_info    0x0000000000008f75       0xdc hal/utils/src/utils_assert.o
 .debug_info    0x0000000000009051      0x4d9 usb_start.o
 .debug_info    0x000000000000952a     0x179e hpl/sysctrl/hpl_sysctrl.o
 .debug_info    0x000000000000acc8      0x577 hpl/gclk/hpl_gclk.o
 .debug_info    0x000000000000b23f      0x480 usb/usb_protocol.o
 .debug_info    0x000000000000b6bf     0x1283 hal/src/hal_usb_device.o
 .debug_info    0x000000000000c942       0xa0 main.o
 .debug_info    0x000000000000c9e2     0x6d20 driver_init.o
 .debug_info    0x0000000000013702     0x8fef hpl/sercom/hpl_sercom.o
 .debug_info    0x000000000001c6f1       0xa1 atmel_start.o
 .debug_info    0x000000000001c792     0x169b usb/device/usbdc.o
 .debug_info    0x000000000001de2d     0x28b5 gcc/gcc/startup_samd11.o
 .debug_info    0x00000000000206e2      0x1b0 hal/src/hal_atomic.o
 .debug_info    0x0000000000020892       0xb9 /usr/lib/gcc/arm-none-eabi/5.4.1/armv6-m/libgcc.a(_thumb1_case_uqi.o)
 .debug_info    0x000000000002094b       0xb9 /usr/lib/gcc/arm-none-eabi/5.4.1/armv6-m/libgcc.a(_thumb1_case_uhi.o)
 .debug_info    0x0000000000020a04      0x110 /usr/lib/gcc/arm-none-eabi/5.4.1/../../../arm-none-eabi/lib/armv6-m/libc_nano.a(lib_a-init.o)
 .debug_info    0x0000000000020b14      0x142 /usr/lib/gcc/arm-none-eabi/5.4.1/../../../arm-none-eabi/lib/armv6-m/libc_nano.a(lib_a-memcpy-stub.o)
 .debug_info    0x0000000000020c56      0x11e /usr/lib/gcc/arm-none-eabi/5.4.1/../../../arm-none-eabi/lib/armv6-m/libc_nano.a(lib_a-memset.o)

.debug_abbrev   0x0000000000000000     0x2e3b
 .debug_abbrev  0x0000000000000000      0x36d usb/class/cdc/device/cdcdf_acm.o
 .debug_abbrev  0x000000000000036d      0x18b hal/src/hal_spi_m_sync.o
 .debug_abbrev  0x00000000000004f8      0x57c hpl/usb/hpl_usb.o
 .debug_abbrev  0x0000000000000a74      0x211 hpl/pm/hpl_pm.o
 .debug_abbrev  0x0000000000000c85      0x1b2 hpl/core/hpl_init.o
 .debug_abbrev  0x0000000000000e37      0x110 hal/utils/src/utils_list.o
 .debug_abbrev  0x0000000000000f47       0x66 hal/utils/src/utils_assert.o
 .debug_abbrev  0x0000000000000fad      0x239 usb_start.o
 .debug_abbrev  0x00000000000011e6      0x280 hpl/sysctrl/hpl_sysctrl.o
 .debug_abbrev  0x0000000000001466      0x178 hpl/gclk/hpl_gclk.o
 .debug_abbrev  0x00000000000015de      0x153 usb/usb_protocol.o
 .debug_abbrev  0x0000000000001731      0x3ca hal/src/hal_usb_device.o
 .debug_abbrev  0x0000000000001afb       0x53 main.o
 .debug_abbrev  0x0000000000001b4e      0x3bd driver_init.o
 .debug_abbrev  0x0000000000001f0b      0x5ae hpl/sercom/hpl_sercom.o
 .debug_abbrev  0x00000000000024b9       0x4e atmel_start.o
 .debug_abbrev  0x0000000000002507      0x37f usb/device/usbdc.o
 .debug_abbrev  0x0000000000002886      0x251 gcc/gcc/startup_samd11.o
 .debug_abbrev  0x0000000000002ad7      0x131 hal/src/hal_atomic.o
 .debug_abbrev  0x0000000000002c08       0x14 /usr/lib/gcc/arm-none-eabi/5.4.1/armv6-m/libgcc.a(_thumb1_case_uqi.o)
 .debug_abbrev  0x0000000000002c1c       0x14 /usr/lib/gcc/arm-none-eabi/5.4.1/armv6-m/libgcc.a(_thumb1_case_uhi.o)
 .debug_abbrev  0x0000000000002c30       0xba /usr/lib/gcc/arm-none-eabi/5.4.1/../../../arm-none-eabi/lib/armv6-m/libc_nano.a(lib_a-init.o)
 .debug_abbrev  0x0000000000002cea       0xb2 /usr/lib/gcc/arm-none-eabi/5.4.1/../../../arm-none-eabi/lib/armv6-m/libc_nano.a(lib_a-memcpy-stub.o)
 .debug_abbrev  0x0000000000002d9c       0x9f /usr/lib/gcc/arm-none-eabi/5.4.1/../../../arm-none-eabi/lib/armv6-m/libc_nano.a(lib_a-memset.o)

.debug_loc      0x0000000000000000     0xbd5d
 .debug_loc     0x0000000000000000      0x779 usb/class/cdc/device/cdcdf_acm.o
 .debug_loc     0x0000000000000779      0x476 hal/src/hal_spi_m_sync.o
 .debug_loc     0x0000000000000bef     0x2eed hpl/usb/hpl_usb.o
 .debug_loc     0x0000000000003adc      0x102 hpl/pm/hpl_pm.o
 .debug_loc     0x0000000000003bde       0x2c hpl/core/hpl_init.o
 .debug_loc     0x0000000000003c0a      0x169 hal/utils/src/utils_list.o
 .debug_loc     0x0000000000003d73       0xc6 usb_start.o
 .debug_loc     0x0000000000003e39      0x223 hpl/sysctrl/hpl_sysctrl.o
 .debug_loc     0x000000000000405c      0x234 hpl/gclk/hpl_gclk.o
 .debug_loc     0x0000000000004290      0x2e1 usb/usb_protocol.o
 .debug_loc     0x0000000000004571      0xb7f hal/src/hal_usb_device.o
 .debug_loc     0x00000000000050f0      0xb3b driver_init.o
 .debug_loc     0x0000000000005c2b     0x4ca8 hpl/sercom/hpl_sercom.o
 .debug_loc     0x000000000000a8d3      0xeae usb/device/usbdc.o
 .debug_loc     0x000000000000b781       0x2b gcc/gcc/startup_samd11.o
 .debug_loc     0x000000000000b7ac       0x13 hal/src/hal_atomic.o
 .debug_loc     0x000000000000b7bf       0x84 /usr/lib/gcc/arm-none-eabi/5.4.1/../../../arm-none-eabi/lib/armv6-m/libc_nano.a(lib_a-init.o)
 .debug_loc     0x000000000000b843      0x34a /usr/lib/gcc/arm-none-eabi/5.4.1/../../../arm-none-eabi/lib/armv6-m/libc_nano.a(lib_a-memcpy-stub.o)
 .debug_loc     0x000000000000bb8d      0x1d0 /usr/lib/gcc/arm-none-eabi/5.4.1/../../../arm-none-eabi/lib/armv6-m/libc_nano.a(lib_a-memset.o)

.debug_aranges  0x0000000000000000      0xc28
 .debug_aranges
                0x0000000000000000       0x70 usb/class/cdc/device/cdcdf_acm.o
 .debug_aranges
                0x0000000000000070       0x80 hal/src/hal_spi_m_sync.o
 .debug_aranges
                0x00000000000000f0      0x140 hpl/usb/hpl_usb.o
 .debug_aranges
                0x0000000000000230       0x30 hpl/pm/hpl_pm.o
 .debug_aranges
                0x0000000000000260       0x20 hpl/core/hpl_init.o
 .debug_aranges
                0x0000000000000280       0x48 hal/utils/src/utils_list.o
 .debug_aranges
                0x00000000000002c8       0x20 hal/utils/src/utils_assert.o
 .debug_aranges
                0x00000000000002e8       0x48 usb_start.o
 .debug_aranges
                0x0000000000000330       0x28 hpl/sysctrl/hpl_sysctrl.o
 .debug_aranges
                0x0000000000000358       0x28 hpl/gclk/hpl_gclk.o
 .debug_aranges
                0x0000000000000380       0x48 usb/usb_protocol.o
 .debug_aranges
                0x00000000000003c8      0x100 hal/src/hal_usb_device.o
 .debug_aranges
                0x00000000000004c8       0x20 main.o
 .debug_aranges
                0x00000000000004e8       0x58 driver_init.o
 .debug_aranges
                0x0000000000000540      0x4f0 hpl/sercom/hpl_sercom.o
 .debug_aranges
                0x0000000000000a30       0x20 atmel_start.o
 .debug_aranges
                0x0000000000000a50       0xe0 usb/device/usbdc.o
 .debug_aranges
                0x0000000000000b30       0x28 gcc/gcc/startup_samd11.o
 .debug_aranges
                0x0000000000000b58       0x30 hal/src/hal_atomic.o
 .debug_aranges
                0x0000000000000b88       0x20 /usr/lib/gcc/arm-none-eabi/5.4.1/armv6-m/libgcc.a(_thumb1_case_uqi.o)
 .debug_aranges
                0x0000000000000ba8       0x20 /usr/lib/gcc/arm-none-eabi/5.4.1/armv6-m/libgcc.a(_thumb1_case_uhi.o)
 .debug_aranges
                0x0000000000000bc8       0x20 /usr/lib/gcc/arm-none-eabi/5.4.1/../../../arm-none-eabi/lib/armv6-m/libc_nano.a(lib_a-init.o)
 .debug_aranges
                0x0000000000000be8       0x20 /usr/lib/gcc/arm-none-eabi/5.4.1/../../../arm-none-eabi/lib/armv6-m/libc_nano.a(lib_a-memcpy-stub.o)
 .debug_aranges
                0x0000000000000c08       0x20 /usr/lib/gcc/arm-none-eabi/5.4.1/../../../arm-none-eabi/lib/armv6-m/libc_nano.a(lib_a-memset.o)

.debug_ranges   0x0000000000000000     0x1a58
 .debug_ranges  0x0000000000000000       0xd8 usb/class/cdc/device/cdcdf_acm.o
 .debug_ranges  0x00000000000000d8       0x70 hal/src/hal_spi_m_sync.o
 .debug_ranges  0x0000000000000148      0x678 hpl/usb/hpl_usb.o
 .debug_ranges  0x00000000000007c0       0x50 hpl/pm/hpl_pm.o
 .debug_ranges  0x0000000000000810       0x28 hpl/core/hpl_init.o
 .debug_ranges  0x0000000000000838       0x38 hal/utils/src/utils_list.o
 .debug_ranges  0x0000000000000870       0x10 hal/utils/src/utils_assert.o
 .debug_ranges  0x0000000000000880       0x38 usb_start.o
 .debug_ranges  0x00000000000008b8       0x48 hpl/sysctrl/hpl_sysctrl.o
 .debug_ranges  0x0000000000000900       0x30 hpl/gclk/hpl_gclk.o
 .debug_ranges  0x0000000000000930       0x38 usb/usb_protocol.o
 .debug_ranges  0x0000000000000968      0x120 hal/src/hal_usb_device.o
 .debug_ranges  0x0000000000000a88       0x10 main.o
 .debug_ranges  0x0000000000000a98      0x380 driver_init.o
 .debug_ranges  0x0000000000000e18      0xab0 hpl/sercom/hpl_sercom.o
 .debug_ranges  0x00000000000018c8       0x10 atmel_start.o
 .debug_ranges  0x00000000000018d8      0x148 usb/device/usbdc.o
 .debug_ranges  0x0000000000001a20       0x18 gcc/gcc/startup_samd11.o
 .debug_ranges  0x0000000000001a38       0x20 hal/src/hal_atomic.o

.debug_macro    0x0000000000000000     0x7379
 .debug_macro   0x0000000000000000      0x4ed usb/class/cdc/device/cdcdf_acm.o
 .debug_macro   0x00000000000004ed       0x52 usb/class/cdc/device/cdcdf_acm.o
 .debug_macro   0x000000000000053f       0x35 usb/class/cdc/device/cdcdf_acm.o
 .debug_macro   0x0000000000000574       0x9c usb/class/cdc/device/cdcdf_acm.o
 .debug_macro   0x0000000000000610       0x52 usb/class/cdc/device/cdcdf_acm.o
 .debug_macro   0x0000000000000662       0x1f usb/class/cdc/device/cdcdf_acm.o
 .debug_macro   0x0000000000000681       0x43 usb/class/cdc/device/cdcdf_acm.o
 .debug_macro   0x00000000000006c4       0x20 usb/class/cdc/device/cdcdf_acm.o
 .debug_macro   0x00000000000006e4      0x187 usb/class/cdc/device/cdcdf_acm.o
 .debug_macro   0x000000000000086b      0x330 usb/class/cdc/device/cdcdf_acm.o
 .debug_macro   0x0000000000000b9b       0x10 usb/class/cdc/device/cdcdf_acm.o
 .debug_macro   0x0000000000000bab       0x35 usb/class/cdc/device/cdcdf_acm.o
 .debug_macro   0x0000000000000be0       0xc9 usb/class/cdc/device/cdcdf_acm.o
 .debug_macro   0x0000000000000ca9       0x79 usb/class/cdc/device/cdcdf_acm.o
 .debug_macro   0x0000000000000d22      0x11b usb/class/cdc/device/cdcdf_acm.o
 .debug_macro   0x0000000000000e3d       0xd3 usb/class/cdc/device/cdcdf_acm.o
 .debug_macro   0x0000000000000f10       0xee usb/class/cdc/device/cdcdf_acm.o
 .debug_macro   0x0000000000000ffe      0x12b usb/class/cdc/device/cdcdf_acm.o
 .debug_macro   0x0000000000001129      0x260 usb/class/cdc/device/cdcdf_acm.o
 .debug_macro   0x0000000000001389      0x404 hal/src/hal_spi_m_sync.o
 .debug_macro   0x000000000000178d      0x61e hpl/usb/hpl_usb.o
 .debug_macro   0x0000000000001dab       0xcd hpl/usb/hpl_usb.o
 .debug_macro   0x0000000000001e78      0x3ed hpl/pm/hpl_pm.o
 .debug_macro   0x0000000000002265       0x10 hpl/pm/hpl_pm.o
 .debug_macro   0x0000000000002275       0x34 hpl/pm/hpl_pm.o
 .debug_macro   0x00000000000022a9       0x2e hpl/pm/hpl_pm.o
 .debug_macro   0x00000000000022d7      0x428 hpl/core/hpl_init.o
 .debug_macro   0x00000000000026ff       0x1c hpl/core/hpl_init.o
 .debug_macro   0x000000000000271b      0x6ec hpl/core/hpl_init.o
 .debug_macro   0x0000000000002e07      0x3bb hal/utils/src/utils_list.o
 .debug_macro   0x00000000000031c2      0x3b7 hal/utils/src/utils_assert.o
 .debug_macro   0x0000000000003579      0x5c7 usb_start.o
 .debug_macro   0x0000000000003b40       0x52 usb_start.o
 .debug_macro   0x0000000000003b92       0x4d usb_start.o
 .debug_macro   0x0000000000003bdf      0x3c4 hpl/sysctrl/hpl_sysctrl.o
 .debug_macro   0x0000000000003fa3      0x2da hpl/sysctrl/hpl_sysctrl.o
 .debug_macro   0x000000000000427d      0x3c4 hpl/gclk/hpl_gclk.o
 .debug_macro   0x0000000000004641      0x175 hpl/gclk/hpl_gclk.o
 .debug_macro   0x00000000000047b6      0x49d usb/usb_protocol.o
 .debug_macro   0x0000000000004c53      0x48c hal/src/hal_usb_device.o
 .debug_macro   0x00000000000050df      0x5c1 main.o
 .debug_macro   0x00000000000056a0      0x4bc driver_init.o
 .debug_macro   0x0000000000005b5c      0x5f5 hpl/sercom/hpl_sercom.o
 .debug_macro   0x0000000000006151       0x70 hpl/sercom/hpl_sercom.o
 .debug_macro   0x00000000000061c1       0x94 hpl/sercom/hpl_sercom.o
 .debug_macro   0x0000000000006255       0x10 hpl/sercom/hpl_sercom.o
 .debug_macro   0x0000000000006265       0x1c hpl/sercom/hpl_sercom.o
 .debug_macro   0x0000000000006281       0x22 hpl/sercom/hpl_sercom.o
 .debug_macro   0x00000000000062a3       0x10 hpl/sercom/hpl_sercom.o
 .debug_macro   0x00000000000062b3      0x5c1 atmel_start.o
 .debug_macro   0x0000000000006874      0x4ce usb/device/usbdc.o
 .debug_macro   0x0000000000006d42      0x289 gcc/gcc/startup_samd11.o
 .debug_macro   0x0000000000006fcb      0x3ae hal/src/hal_atomic.o

.debug_line     0x0000000000000000     0xbf6c
 .debug_line    0x0000000000000000      0x915 usb/class/cdc/device/cdcdf_acm.o
 .debug_line    0x0000000000000915      0x7fa hal/src/hal_spi_m_sync.o
 .debug_line    0x000000000000110f     0x12db hpl/usb/hpl_usb.o
 .debug_line    0x00000000000023ea      0x6d6 hpl/pm/hpl_pm.o
 .debug_line    0x0000000000002ac0      0x70b hpl/core/hpl_init.o
 .debug_line    0x00000000000031cb      0x6a9 hal/utils/src/utils_list.o
 .debug_line    0x0000000000003874      0x61d hal/utils/src/utils_assert.o
 .debug_line    0x0000000000003e91      0x950 usb_start.o
 .debug_line    0x00000000000047e1      0x793 hpl/sysctrl/hpl_sysctrl.o
 .debug_line    0x0000000000004f74      0x6ab hpl/gclk/hpl_gclk.o
 .debug_line    0x000000000000561f      0x7ab usb/usb_protocol.o
 .debug_line    0x0000000000005dca      0x9f8 hal/src/hal_usb_device.o
 .debug_line    0x00000000000067c2      0x8e1 main.o
 .debug_line    0x00000000000070a3      0xa14 driver_init.o
 .debug_line    0x0000000000007ab7     0x2351 hpl/sercom/hpl_sercom.o
 .debug_line    0x0000000000009e08      0x8ea atmel_start.o
 .debug_line    0x000000000000a6f2      0xa89 usb/device/usbdc.o
 .debug_line    0x000000000000b17b      0x3ee gcc/gcc/startup_samd11.o
 .debug_line    0x000000000000b569      0x654 hal/src/hal_atomic.o
 .debug_line    0x000000000000bbbd       0x66 /usr/lib/gcc/arm-none-eabi/5.4.1/armv6-m/libgcc.a(_thumb1_case_uqi.o)
 .debug_line    0x000000000000bc23       0x67 /usr/lib/gcc/arm-none-eabi/5.4.1/armv6-m/libgcc.a(_thumb1_case_uhi.o)
 .debug_line    0x000000000000bc8a       0xc0 /usr/lib/gcc/arm-none-eabi/5.4.1/../../../arm-none-eabi/lib/armv6-m/libc_nano.a(lib_a-init.o)
 .debug_line    0x000000000000bd4a      0x11e /usr/lib/gcc/arm-none-eabi/5.4.1/../../../arm-none-eabi/lib/armv6-m/libc_nano.a(lib_a-memcpy-stub.o)
 .debug_line    0x000000000000be68      0x104 /usr/lib/gcc/arm-none-eabi/5.4.1/../../../arm-none-eabi/lib/armv6-m/libc_nano.a(lib_a-memset.o)

.debug_str      0x0000000000000000    0x6ad5c
 .debug_str     0x0000000000000000    0x5d6d0 usb/class/cdc/device/cdcdf_acm.o
                                      0x5db75 (size before relaxing)
 .debug_str     0x000000000005d6d0      0x30b hal/src/hal_spi_m_sync.o
                                      0x58421 (size before relaxing)
 .debug_str     0x000000000005d9db     0x249f hpl/usb/hpl_usb.o
                                      0x5d640 (size before relaxing)
 .debug_str     0x000000000005fe7a      0x67a hpl/pm/hpl_pm.o
                                      0x5826d (size before relaxing)
 .debug_str     0x00000000000604f4     0x1870 hpl/core/hpl_init.o
                                      0x596bb (size before relaxing)
 .debug_str     0x0000000000061d64       0x9c hal/utils/src/utils_list.o
                                      0x57c24 (size before relaxing)
 .debug_str     0x0000000000061e00       0x36 hal/utils/src/utils_assert.o
                                      0x57b81 (size before relaxing)
 .debug_str     0x0000000000061e36      0xe8f usb_start.o
                                      0x5e48f (size before relaxing)
 .debug_str     0x0000000000062cc5     0x105c hpl/sysctrl/hpl_sysctrl.o
                                      0x59069 (size before relaxing)
 .debug_str     0x0000000000063d21      0x64e hpl/gclk/hpl_gclk.o
                                      0x58293 (size before relaxing)
 .debug_str     0x000000000006436f      0x148 usb/usb_protocol.o
                                      0x5b85c (size before relaxing)
 .debug_str     0x00000000000644b7      0x408 hal/src/hal_usb_device.o
                                      0x5b649 (size before relaxing)
 .debug_str     0x00000000000648bf        0xa main.o
                                      0x5e1bd (size before relaxing)
 .debug_str     0x00000000000648c9     0x1225 driver_init.o
                                      0x5a99d (size before relaxing)
 .debug_str     0x0000000000065aee     0x465a hpl/sercom/hpl_sercom.o
                                      0x5d38a (size before relaxing)
 .debug_str     0x000000000006a148       0x22 atmel_start.o
                                      0x5e1d0 (size before relaxing)
 .debug_str     0x000000000006a16a      0x55a usb/device/usbdc.o
                                      0x5d155 (size before relaxing)
 .debug_str     0x000000000006a6c4      0x352 gcc/gcc/startup_samd11.o
                                      0x57adb (size before relaxing)
 .debug_str     0x000000000006aa16       0x96 hal/src/hal_atomic.o
                                      0x57b85 (size before relaxing)
 .debug_str     0x000000000006aaac      0x142 /usr/lib/gcc/arm-none-eabi/5.4.1/../../../arm-none-eabi/lib/armv6-m/libc_nano.a(lib_a-init.o)
                                        0x1f3 (size before relaxing)
 .debug_str     0x000000000006abee       0xcd /usr/lib/gcc/arm-none-eabi/5.4.1/../../../arm-none-eabi/lib/armv6-m/libc_nano.a(lib_a-memcpy-stub.o)
                                        0x1cd (size before relaxing)
 .debug_str     0x000000000006acbb       0xa1 /usr/lib/gcc/arm-none-eabi/5.4.1/../../../arm-none-eabi/lib/armv6-m/libc_nano.a(lib_a-memset.o)
                                        0x1a8 (size before relaxing)

.debug_frame    0x0000000000000000     0x1fc4
 .debug_frame   0x0000000000000000      0x11c usb/class/cdc/device/cdcdf_acm.o
 .debug_frame   0x000000000000011c      0x174 hal/src/hal_spi_m_sync.o
 .debug_frame   0x0000000000000290      0x3a0 hpl/usb/hpl_usb.o
 .debug_frame   0x0000000000000630       0x40 hpl/pm/hpl_pm.o
 .debug_frame   0x0000000000000670       0x28 hpl/core/hpl_init.o
 .debug_frame   0x0000000000000698       0x88 hal/utils/src/utils_list.o
 .debug_frame   0x0000000000000720       0x20 hal/utils/src/utils_assert.o
 .debug_frame   0x0000000000000740       0xa8 usb_start.o
 .debug_frame   0x00000000000007e8       0x30 hpl/sysctrl/hpl_sysctrl.o
 .debug_frame   0x0000000000000818       0x30 hpl/gclk/hpl_gclk.o
 .debug_frame   0x0000000000000848       0xa4 usb/usb_protocol.o
 .debug_frame   0x00000000000008ec      0x2f8 hal/src/hal_usb_device.o
 .debug_frame   0x0000000000000be4       0x28 main.o
 .debug_frame   0x0000000000000c0c       0xd4 driver_init.o
 .debug_frame   0x0000000000000ce0      0xf40 hpl/sercom/hpl_sercom.o
 .debug_frame   0x0000000000001c20       0x28 atmel_start.o
 .debug_frame   0x0000000000001c48      0x27c usb/device/usbdc.o
 .debug_frame   0x0000000000001ec4       0x3c gcc/gcc/startup_samd11.o
 .debug_frame   0x0000000000001f00       0x40 hal/src/hal_atomic.o
 .debug_frame   0x0000000000001f40       0x2c /usr/lib/gcc/arm-none-eabi/5.4.1/../../../arm-none-eabi/lib/armv6-m/libc_nano.a(lib_a-init.o)
 .debug_frame   0x0000000000001f6c       0x2c /usr/lib/gcc/arm-none-eabi/5.4.1/../../../arm-none-eabi/lib/armv6-m/libc_nano.a(lib_a-memcpy-stub.o)
 .debug_frame   0x0000000000001f98       0x2c /usr/lib/gcc/arm-none-eabi/5.4.1/../../../arm-none-eabi/lib/armv6-m/libc_nano.a(lib_a-memset.o)
