Archive member included to satisfy reference by file (symbol)

/usr/lib/gcc/arm-none-eabi/5.4.1/armv6-m/libgcc.a(_udivsi3.o)
                              hpl/core/hpl_core_m0plus_base.o (__aeabi_uidiv)
/usr/lib/gcc/arm-none-eabi/5.4.1/armv6-m/libgcc.a(_dvmd_tls.o)
                              /usr/lib/gcc/arm-none-eabi/5.4.1/armv6-m/libgcc.a(_udivsi3.o) (__aeabi_idiv0)
/usr/lib/gcc/arm-none-eabi/5.4.1/armv6-m/libgcc.a(_aeabi_uldivmod.o)
                              hpl/sercom/hpl_sercom.o (__aeabi_uldivmod)
/usr/lib/gcc/arm-none-eabi/5.4.1/armv6-m/libgcc.a(_muldi3.o)
                              hpl/sercom/hpl_sercom.o (__aeabi_lmul)
/usr/lib/gcc/arm-none-eabi/5.4.1/armv6-m/libgcc.a(_fixunsdfsi.o)
                              hpl/sercom/hpl_sercom.o (__aeabi_d2uiz)
/usr/lib/gcc/arm-none-eabi/5.4.1/armv6-m/libgcc.a(_udivmoddi4.o)
                              /usr/lib/gcc/arm-none-eabi/5.4.1/armv6-m/libgcc.a(_aeabi_uldivmod.o) (__udivmoddi4)
/usr/lib/gcc/arm-none-eabi/5.4.1/armv6-m/libgcc.a(divdf3.o)
                              hpl/sercom/hpl_sercom.o (__aeabi_ddiv)
/usr/lib/gcc/arm-none-eabi/5.4.1/armv6-m/libgcc.a(muldf3.o)
                              hpl/sercom/hpl_sercom.o (__aeabi_dmul)
/usr/lib/gcc/arm-none-eabi/5.4.1/armv6-m/libgcc.a(subdf3.o)
                              hpl/sercom/hpl_sercom.o (__aeabi_dsub)
/usr/lib/gcc/arm-none-eabi/5.4.1/armv6-m/libgcc.a(fixdfsi.o)
                              /usr/lib/gcc/arm-none-eabi/5.4.1/armv6-m/libgcc.a(_fixunsdfsi.o) (__aeabi_d2iz)
/usr/lib/gcc/arm-none-eabi/5.4.1/armv6-m/libgcc.a(floatsidf.o)
                              hpl/sercom/hpl_sercom.o (__aeabi_i2d)
/usr/lib/gcc/arm-none-eabi/5.4.1/armv6-m/libgcc.a(floatunsidf.o)
                              hpl/sercom/hpl_sercom.o (__aeabi_ui2d)
/usr/lib/gcc/arm-none-eabi/5.4.1/armv6-m/libgcc.a(_arm_cmpdf2.o)
                              /usr/lib/gcc/arm-none-eabi/5.4.1/armv6-m/libgcc.a(_fixunsdfsi.o) (__aeabi_dcmpge)
/usr/lib/gcc/arm-none-eabi/5.4.1/armv6-m/libgcc.a(_clzsi2.o)
                              /usr/lib/gcc/arm-none-eabi/5.4.1/armv6-m/libgcc.a(divdf3.o) (__clzsi2)
/usr/lib/gcc/arm-none-eabi/5.4.1/armv6-m/libgcc.a(_clzdi2.o)
                              /usr/lib/gcc/arm-none-eabi/5.4.1/armv6-m/libgcc.a(_udivmoddi4.o) (__clzdi2)
/usr/lib/gcc/arm-none-eabi/5.4.1/armv6-m/libgcc.a(eqdf2.o)
                              /usr/lib/gcc/arm-none-eabi/5.4.1/armv6-m/libgcc.a(_arm_cmpdf2.o) (__eqdf2)
/usr/lib/gcc/arm-none-eabi/5.4.1/armv6-m/libgcc.a(gedf2.o)
                              /usr/lib/gcc/arm-none-eabi/5.4.1/armv6-m/libgcc.a(_arm_cmpdf2.o) (__gedf2)
/usr/lib/gcc/arm-none-eabi/5.4.1/armv6-m/libgcc.a(ledf2.o)
                              /usr/lib/gcc/arm-none-eabi/5.4.1/armv6-m/libgcc.a(_arm_cmpdf2.o) (__ledf2)
/usr/lib/gcc/arm-none-eabi/5.4.1/../../../arm-none-eabi/lib/armv6-m/libc_nano.a(lib_a-atexit.o)
                              /usr/lib/gcc/arm-none-eabi/5.4.1/../../../arm-none-eabi/lib/armv6-m/crt0.o (atexit)
/usr/lib/gcc/arm-none-eabi/5.4.1/../../../arm-none-eabi/lib/armv6-m/libc_nano.a(lib_a-exit.o)
                              /usr/lib/gcc/arm-none-eabi/5.4.1/../../../arm-none-eabi/lib/armv6-m/crt0.o (exit)
/usr/lib/gcc/arm-none-eabi/5.4.1/../../../arm-none-eabi/lib/armv6-m/libc_nano.a(lib_a-fini.o)
                              /usr/lib/gcc/arm-none-eabi/5.4.1/../../../arm-none-eabi/lib/armv6-m/crt0.o (__libc_fini_array)
/usr/lib/gcc/arm-none-eabi/5.4.1/../../../arm-none-eabi/lib/armv6-m/libc_nano.a(lib_a-impure.o)
                              /usr/lib/gcc/arm-none-eabi/5.4.1/../../../arm-none-eabi/lib/armv6-m/libc_nano.a(lib_a-exit.o) (_global_impure_ptr)
/usr/lib/gcc/arm-none-eabi/5.4.1/../../../arm-none-eabi/lib/armv6-m/libc_nano.a(lib_a-init.o)
                              /usr/lib/gcc/arm-none-eabi/5.4.1/../../../arm-none-eabi/lib/armv6-m/crt0.o (__libc_init_array)
/usr/lib/gcc/arm-none-eabi/5.4.1/../../../arm-none-eabi/lib/armv6-m/libc_nano.a(lib_a-memset.o)
                              /usr/lib/gcc/arm-none-eabi/5.4.1/../../../arm-none-eabi/lib/armv6-m/crt0.o (memset)
/usr/lib/gcc/arm-none-eabi/5.4.1/../../../arm-none-eabi/lib/armv6-m/libc_nano.a(lib_a-printf.o)
                              hal/utils/src/utils_syscalls.o (printf)
/usr/lib/gcc/arm-none-eabi/5.4.1/../../../arm-none-eabi/lib/armv6-m/libc_nano.a(lib_a-__atexit.o)
                              /usr/lib/gcc/arm-none-eabi/5.4.1/../../../arm-none-eabi/lib/armv6-m/libc_nano.a(lib_a-atexit.o) (__register_exitproc)
/usr/lib/gcc/arm-none-eabi/5.4.1/../../../arm-none-eabi/lib/armv6-m/libc_nano.a(lib_a-__call_atexit.o)
                              /usr/lib/gcc/arm-none-eabi/5.4.1/../../../arm-none-eabi/lib/armv6-m/libc_nano.a(lib_a-__atexit.o) (__call_exitprocs)
/usr/lib/gcc/arm-none-eabi/5.4.1/../../../arm-none-eabi/lib/armv6-m/libc_nano.a(lib_a-findfp.o)
                              /usr/lib/gcc/arm-none-eabi/5.4.1/../../../arm-none-eabi/lib/armv6-m/libc_nano.a(lib_a-printf.o) (__sinit)
[...]
Memory Configuration

Name             Origin             Length             Attributes
rom              0x0000000000000000 0x0000000000004000 xr
ram              0x0000000020000000 0x0000000000001000 xrw
*default*        0x0000000000000000 0xffffffffffffffff

Linker script and memory map

LOAD /usr/lib/gcc/arm-none-eabi/5.4.1/armv6-m/crti.o
LOAD /usr/lib/gcc/arm-none-eabi/5.4.1/armv6-m/crtbegin.o
LOAD /usr/lib/gcc/arm-none-eabi/5.4.1/../../../arm-none-eabi/lib/armv6-m/crt0.o
LOAD hal/src/hal_io.o
LOAD hal/utils/src/utils_syscalls.o
LOAD hal/src/hal_spi_m_sync.o
LOAD hal/src/hal_delay.o
LOAD hpl/pm/hpl_pm.o
LOAD hpl/core/hpl_init.o
LOAD hal/utils/src/utils_list.o
LOAD hpl/core/hpl_core_m0plus_base.o
LOAD hal/utils/src/utils_assert.o
LOAD hpl/dmac/hpl_dmac.o
LOAD hpl/sysctrl/hpl_sysctrl.o
LOAD hpl/gclk/hpl_gclk.o
LOAD hal/src/hal_init.o
LOAD main.o
LOAD examples/driver_examples.o
LOAD driver_init.o
LOAD hpl/sercom/hpl_sercom.o
LOAD hal/src/hal_gpio.o
LOAD hal/utils/src/utils_event.o
LOAD hal/src/hal_sleep.o
LOAD gcc/system_samd11.o
LOAD atmel_start.o
LOAD gcc/gcc/startup_samd11.o
LOAD hal/src/hal_atomic.o
START GROUP
LOAD /usr/lib/gcc/arm-none-eabi/5.4.1/../../../arm-none-eabi/lib/armv6-m/libm.a
END GROUP
START GROUP
LOAD /usr/lib/gcc/arm-none-eabi/5.4.1/armv6-m/libgcc.a
LOAD /usr/lib/gcc/arm-none-eabi/5.4.1/../../../arm-none-eabi/lib/armv6-m/libc_nano.a
END GROUP
START GROUP
LOAD /usr/lib/gcc/arm-none-eabi/5.4.1/armv6-m/libgcc.a
LOAD /usr/lib/gcc/arm-none-eabi/5.4.1/../../../arm-none-eabi/lib/armv6-m/libc_nano.a
END GROUP
LOAD /usr/lib/gcc/arm-none-eabi/5.4.1/armv6-m/crtend.o
LOAD /usr/lib/gcc/arm-none-eabi/5.4.1/armv6-m/crtn.o
                0x0000000000000400                STACK_SIZE = DEFINED (STACK_SIZE)?STACK_SIZE:DEFINED (__stack_size__)?__stack_size__:0x400

.text           0x0000000000000000      0xb54
                0x0000000000000000                . = ALIGN (0x4)
                0x0000000000000000                _sfixed = .
 *(.vectors .vectors.*)
 .vectors       0x0000000000000000       0x8c gcc/gcc/startup_samd11.o
                0x0000000000000000                exception_table
 *(.text .text.* .gnu.linkonce.t.*)
 .text          0x000000000000008c       0xb4 /usr/lib/gcc/arm-none-eabi/5.4.1/armv6-m/crtbegin.o
 .text.spi_m_sync_init
                0x0000000000000140       0x54 hal/src/hal_spi_m_sync.o
                0x0000000000000140                spi_m_sync_init
 .text.spi_m_sync_transfer
                0x0000000000000194       0x44 hal/src/hal_spi_m_sync.o
                0x0000000000000194                spi_m_sync_transfer
 .text._spi_m_sync_io_write
                0x00000000000001d8       0x38 hal/src/hal_spi_m_sync.o
 .text._spi_m_sync_io_read
                0x0000000000000210       0x38 hal/src/hal_spi_m_sync.o
 .text._pm_init
                0x0000000000000248       0x20 hpl/pm/hpl_pm.o
                0x0000000000000248                _pm_init
 .text._init_chip
                0x0000000000000268       0x3c hpl/core/hpl_init.o
                0x0000000000000268                _init_chip
 .text.assert   0x00000000000002a4        0x8 hal/utils/src/utils_assert.o
                0x00000000000002a4                assert
 .text._sysctrl_init_sources
                0x00000000000002ac       0x14 hpl/sysctrl/hpl_sysctrl.o
                0x00000000000002ac                _sysctrl_init_sources
 .text._sysctrl_init_referenced_generators
                0x00000000000002c0       0x78 hpl/sysctrl/hpl_sysctrl.o
                0x00000000000002c0                _sysctrl_init_referenced_generators
 .text._gclk_init_generators_by_fref
                0x0000000000000338       0x44 hpl/gclk/hpl_gclk.o
                0x0000000000000338                _gclk_init_generators_by_fref
 .text.gpio_set_pin_direction.constprop.0
                0x000000000000037c       0x2c main.o
 .text.delay    0x00000000000003a8        0xe main.o
                0x00000000000003a8                delay
 *fill*         0x00000000000003b6        0x2 
 .text.delayMs  0x00000000000003b8       0x1c main.o
                0x00000000000003b8                delayMs
 .text.startup.main
                0x00000000000003d4      0x284 main.o
                0x00000000000003d4                main
 .text.SPI_0_PORT_init
                0x0000000000000658       0x9c driver_init.o
                0x0000000000000658                SPI_0_PORT_init
 .text.SPI_0_CLOCK_init
                0x00000000000006f4       0x20 driver_init.o
                0x00000000000006f4                SPI_0_CLOCK_init
 .text.SPI_0_init
                0x0000000000000714       0x28 driver_init.o
                0x0000000000000714                SPI_0_init
 .text.system_init
                0x000000000000073c       0x14 driver_init.o
                0x000000000000073c                system_init
 .text._spi_m_sync_init
                0x0000000000000750      0x194 hpl/sercom/hpl_sercom.o
                0x0000000000000750                _spi_m_sync_init
 .text._spi_m_sync_trans
                0x00000000000008e4       0xdc hpl/sercom/hpl_sercom.o
                0x00000000000008e4                _spi_m_sync_trans
 .text.atmel_start_init
                0x00000000000009c0        0xc atmel_start.o
                0x00000000000009c0                atmel_start_init
 .text.Dummy_Handler
                0x00000000000009cc        0x2 gcc/gcc/startup_samd11.o
                0x00000000000009cc                DMAC_Handler
                0x00000000000009cc                HardFault_Handler
                0x00000000000009cc                TC2_Handler
                0x00000000000009cc                AC_Handler
                0x00000000000009cc                SysTick_Handler
                0x00000000000009cc                PendSV_Handler
                0x00000000000009cc                NMI_Handler
                0x00000000000009cc                SERCOM1_Handler
                0x00000000000009cc                ADC_Handler
                0x00000000000009cc                TCC0_Handler
                0x00000000000009cc                RTC_Handler
                0x00000000000009cc                EIC_Handler
                0x00000000000009cc                WDT_Handler
                0x00000000000009cc                TC1_Handler
                0x00000000000009cc                USB_Handler
                0x00000000000009cc                Dummy_Handler
                0x00000000000009cc                PM_Handler
                0x00000000000009cc                SVC_Handler
                0x00000000000009cc                EVSYS_Handler
                0x00000000000009cc                NVMCTRL_Handler
                0x00000000000009cc                SERCOM0_Handler
                0x00000000000009cc                DAC_Handler
                0x00000000000009cc                PTC_Handler
                0x00000000000009cc                SYSCTRL_Handler
 *fill*         0x00000000000009ce        0x2 
 .text.Reset_Handler
                0x00000000000009d0       0xbc gcc/gcc/startup_samd11.o
                0x00000000000009d0                Reset_Handler
 .text          0x0000000000000a8c       0x48 /usr/lib/gcc/arm-none-eabi/5.4.1/../../../arm-none-eabi/lib/armv6-m/libc_nano.a(lib_a-init.o)
                0x0000000000000a8c                __libc_init_array
 *(.glue_7t)
 .glue_7t       0x0000000000000ad4        0x0 linker stubs
 *(.glue_7)
 .glue_7        0x0000000000000ad4        0x0 linker stubs
 *(.rodata .rodata* .gnu.linkonce.r.*)
 .rodata.str1.1
                0x0000000000000ad4       0x1c hal/src/hal_spi_m_sync.o
 .rodata        0x0000000000000af0       0x29 hpl/sercom/hpl_sercom.o
 .rodata.str1.1
                0x0000000000000b19       0x1b hpl/sercom/hpl_sercom.o
 *(.ARM.extab* .gnu.linkonce.armextab.*)
                0x0000000000000b34                . = ALIGN (0x4)
 *(.init)
 .init          0x0000000000000b34        0x4 /usr/lib/gcc/arm-none-eabi/5.4.1/armv6-m/crti.o
                0x0000000000000b34                _init
 .init          0x0000000000000b38        0x8 /usr/lib/gcc/arm-none-eabi/5.4.1/armv6-m/crtn.o
                0x0000000000000b40                . = ALIGN (0x4)
                0x0000000000000b40                __preinit_array_start = .
 *(.preinit_array)
                0x0000000000000b40                __preinit_array_end = .
                0x0000000000000b40                . = ALIGN (0x4)
                0x0000000000000b40                __init_array_start = .
 *(SORT(.init_array.*))
 *(.init_array)
 .init_array    0x0000000000000b40        0x4 /usr/lib/gcc/arm-none-eabi/5.4.1/armv6-m/crtbegin.o
                0x0000000000000b44                __init_array_end = .
                0x0000000000000b44                . = ALIGN (0x4)
 *crtbegin.o(.ctors)
 *(EXCLUDE_FILE(*crtend.o) .ctors)
 *(SORT(.ctors.*))
 *crtend.o(.ctors)
                0x0000000000000b44                . = ALIGN (0x4)
 *(.fini)
 .fini          0x0000000000000b44        0x4 /usr/lib/gcc/arm-none-eabi/5.4.1/armv6-m/crti.o
                0x0000000000000b44                _fini
 .fini          0x0000000000000b48        0x8 /usr/lib/gcc/arm-none-eabi/5.4.1/armv6-m/crtn.o
                0x0000000000000b50                . = ALIGN (0x4)
                0x0000000000000b50                __fini_array_start = .
 *(.fini_array)
 .fini_array    0x0000000000000b50        0x4 /usr/lib/gcc/arm-none-eabi/5.4.1/armv6-m/crtbegin.o
 *(SORT(.fini_array.*))
                0x0000000000000b54                __fini_array_end = .
 *crtbegin.o(.dtors)
 *(EXCLUDE_FILE(*crtend.o) .dtors)
 *(SORT(.dtors.*))
 *crtend.o(.dtors)
                0x0000000000000b54                . = ALIGN (0x4)
                0x0000000000000b54                _efixed = .
                [!provide]                        PROVIDE (__exidx_start, .)

.vfp11_veneer   0x0000000000000b54        0x0
 .vfp11_veneer  0x0000000000000b54        0x0 linker stubs

.v4_bx          0x0000000000000b54        0x0
 .v4_bx         0x0000000000000b54        0x0 linker stubs

.iplt           0x0000000000000b54        0x0
 .iplt          0x0000000000000b54        0x0 /usr/lib/gcc/arm-none-eabi/5.4.1/armv6-m/crtbegin.o

.eh_frame       0x0000000000000b54        0x0
 .eh_frame      0x0000000000000b54        0x0 /usr/lib/gcc/arm-none-eabi/5.4.1/armv6-m/crtbegin.o

.rel.dyn        0x0000000000000b54        0x0
 .rel.iplt      0x0000000000000b54        0x0 /usr/lib/gcc/arm-none-eabi/5.4.1/armv6-m/crtbegin.o

.jcr            0x0000000000000b54        0x0
 .jcr           0x0000000000000b54        0x0 /usr/lib/gcc/arm-none-eabi/5.4.1/armv6-m/crtbegin.o

.tm_clone_table
                0x0000000000000b54        0x0
 .tm_clone_table
                0x0000000000000b54        0x0 /usr/lib/gcc/arm-none-eabi/5.4.1/armv6-m/crtbegin.o
 .tm_clone_table
                0x0000000000000b54        0x0 /usr/lib/gcc/arm-none-eabi/5.4.1/armv6-m/crtend.o

.igot.plt       0x0000000000000b54        0x0
 .igot.plt      0x0000000000000b54        0x0 /usr/lib/gcc/arm-none-eabi/5.4.1/armv6-m/crtbegin.o

.ARM.exidx
 *(.ARM.exidx* .gnu.linkonce.armexidx.*)
                [!provide]                        PROVIDE (__exidx_end, .)
                0x0000000000000b54                . = ALIGN (0x4)
                0x0000000000000b54                _etext = .

.relocate       0x0000000020000000        0x0 load address 0x0000000000000b54
                0x0000000020000000                . = ALIGN (0x4)
                0x0000000020000000                _srelocate = .
 *(.ramfunc .ramfunc.*)
 *(.data .data.*)
                0x0000000020000000                . = ALIGN (0x4)
                0x0000000020000000                _erelocate = .

.bss            0x0000000020000000       0x30
                0x0000000020000000                . = ALIGN (0x4)
                0x0000000020000000                _sbss = .
                0x0000000020000000                _szero = .
 *(.bss .bss.*)
 .bss           0x0000000020000000       0x1c /usr/lib/gcc/arm-none-eabi/5.4.1/armv6-m/crtbegin.o
 *(COMMON)
 COMMON         0x000000002000001c       0x14 driver_init.o
                0x000000002000001c                SPI_0
                0x0000000020000030                . = ALIGN (0x4)
                0x0000000020000030                _ebss = .
                0x0000000020000030                _ezero = .

.stack          0x0000000020000030      0x400
                0x0000000020000030                . = ALIGN (0x8)
                0x0000000020000030                _sstack = .
                0x0000000020000430                . = (. + STACK_SIZE)
 *fill*         0x0000000020000030      0x400 
                0x0000000020000430                . = ALIGN (0x8)
                0x0000000020000430                _estack = .
                0x0000000020000430                . = ALIGN (0x4)
                0x0000000020000430                _end = .
OUTPUT(AtmelStart.elf elf32-littlearm)

.ARM.attributes
                0x0000000000000000       0x28
 .ARM.attributes
                0x0000000000000000       0x1e /usr/lib/gcc/arm-none-eabi/5.4.1/armv6-m/crti.o
 .ARM.attributes
                0x000000000000001e       0x2c /usr/lib/gcc/arm-none-eabi/5.4.1/armv6-m/crtbegin.o
 .ARM.attributes
                0x000000000000004a       0x32 hal/src/hal_spi_m_sync.o
 .ARM.attributes
                0x000000000000007c       0x32 hpl/pm/hpl_pm.o
 .ARM.attributes
                0x00000000000000ae       0x32 hpl/core/hpl_init.o
 .ARM.attributes
                0x00000000000000e0       0x32 hal/utils/src/utils_assert.o
 .ARM.attributes
                0x0000000000000112       0x32 hpl/sysctrl/hpl_sysctrl.o
 .ARM.attributes
                0x0000000000000144       0x32 hpl/gclk/hpl_gclk.o
 .ARM.attributes
                0x0000000000000176       0x32 main.o
 .ARM.attributes
                0x00000000000001a8       0x32 driver_init.o
 .ARM.attributes
                0x00000000000001da       0x32 hpl/sercom/hpl_sercom.o
 .ARM.attributes
                0x000000000000020c       0x32 atmel_start.o
 .ARM.attributes
                0x000000000000023e       0x32 gcc/gcc/startup_samd11.o
 .ARM.attributes
                0x0000000000000270       0x2c /usr/lib/gcc/arm-none-eabi/5.4.1/../../../arm-none-eabi/lib/armv6-m/libc_nano.a(lib_a-init.o)
 .ARM.attributes
                0x000000000000029c       0x2c /usr/lib/gcc/arm-none-eabi/5.4.1/armv6-m/crtend.o
 .ARM.attributes
                0x00000000000002c8       0x1e /usr/lib/gcc/arm-none-eabi/5.4.1/armv6-m/crtn.o

.comment        0x0000000000000000       0x2b
 .comment       0x0000000000000000       0x2b /usr/lib/gcc/arm-none-eabi/5.4.1/armv6-m/crtbegin.o
                                         0x2c (size before relaxing)
 .comment       0x000000000000002b       0x2c hal/src/hal_spi_m_sync.o
 .comment       0x000000000000002b       0x2c hpl/pm/hpl_pm.o
 .comment       0x000000000000002b       0x2c hpl/core/hpl_init.o
 .comment       0x000000000000002b       0x2c hal/utils/src/utils_assert.o
 .comment       0x000000000000002b       0x2c hpl/sysctrl/hpl_sysctrl.o
 .comment       0x000000000000002b       0x2c hpl/gclk/hpl_gclk.o
 .comment       0x000000000000002b       0x2c main.o
 .comment       0x000000000000002b       0x2c driver_init.o
 .comment       0x000000000000002b       0x2c hpl/sercom/hpl_sercom.o
 .comment       0x000000000000002b       0x2c atmel_start.o
 .comment       0x000000000000002b       0x2c gcc/gcc/startup_samd11.o
 .comment       0x000000000000002b       0x2c /usr/lib/gcc/arm-none-eabi/5.4.1/../../../arm-none-eabi/lib/armv6-m/libc_nano.a(lib_a-init.o)
 .comment       0x000000000000002b       0x2c /usr/lib/gcc/arm-none-eabi/5.4.1/armv6-m/crtend.o

.debug_info     0x0000000000000000    0x14ad2
 .debug_info    0x0000000000000000      0x816 hal/src/hal_spi_m_sync.o
 .debug_info    0x0000000000000816      0xbd7 hpl/pm/hpl_pm.o
 .debug_info    0x00000000000013ed      0x5f1 hpl/core/hpl_init.o
 .debug_info    0x00000000000019de       0xdc hal/utils/src/utils_assert.o
 .debug_info    0x0000000000001aba     0x159e hpl/sysctrl/hpl_sysctrl.o
 .debug_info    0x0000000000003058      0x577 hpl/gclk/hpl_gclk.o
 .debug_info    0x00000000000035cf     0x204f main.o
 .debug_info    0x000000000000561e     0x3a72 driver_init.o
 .debug_info    0x0000000000009090     0x8fef hpl/sercom/hpl_sercom.o
 .debug_info    0x000000000001207f       0x8e atmel_start.o
 .debug_info    0x000000000001210d     0x28b5 gcc/gcc/startup_samd11.o
 .debug_info    0x00000000000149c2      0x110 /usr/lib/gcc/arm-none-eabi/5.4.1/../../../arm-none-eabi/lib/armv6-m/libc_nano.a(lib_a-init.o)

.debug_abbrev   0x0000000000000000     0x18e7
 .debug_abbrev  0x0000000000000000      0x18b hal/src/hal_spi_m_sync.o
 .debug_abbrev  0x000000000000018b      0x211 hpl/pm/hpl_pm.o
 .debug_abbrev  0x000000000000039c      0x1b2 hpl/core/hpl_init.o
 .debug_abbrev  0x000000000000054e       0x66 hal/utils/src/utils_assert.o
 .debug_abbrev  0x00000000000005b4      0x261 hpl/sysctrl/hpl_sysctrl.o
 .debug_abbrev  0x0000000000000815      0x178 hpl/gclk/hpl_gclk.o
 .debug_abbrev  0x000000000000098d      0x332 main.o
 .debug_abbrev  0x0000000000000cbf      0x321 driver_init.o
 .debug_abbrev  0x0000000000000fe0      0x5ae hpl/sercom/hpl_sercom.o
 .debug_abbrev  0x000000000000158e       0x4e atmel_start.o
 .debug_abbrev  0x00000000000015dc      0x251 gcc/gcc/startup_samd11.o
 .debug_abbrev  0x000000000000182d       0xba /usr/lib/gcc/arm-none-eabi/5.4.1/../../../arm-none-eabi/lib/armv6-m/libc_nano.a(lib_a-init.o)

.debug_loc      0x0000000000000000     0x695c
 .debug_loc     0x0000000000000000      0x476 hal/src/hal_spi_m_sync.o
 .debug_loc     0x0000000000000476      0x102 hpl/pm/hpl_pm.o
 .debug_loc     0x0000000000000578       0x2c hpl/core/hpl_init.o
 .debug_loc     0x00000000000005a4      0x141 hpl/sysctrl/hpl_sysctrl.o
 .debug_loc     0x00000000000006e5      0x234 hpl/gclk/hpl_gclk.o
 .debug_loc     0x0000000000000919      0xd2a main.o
 .debug_loc     0x0000000000001643      0x5c2 driver_init.o
 .debug_loc     0x0000000000001c05     0x4ca8 hpl/sercom/hpl_sercom.o
 .debug_loc     0x00000000000068ad       0x2b gcc/gcc/startup_samd11.o
 .debug_loc     0x00000000000068d8       0x84 /usr/lib/gcc/arm-none-eabi/5.4.1/../../../arm-none-eabi/lib/armv6-m/libc_nano.a(lib_a-init.o)

.debug_aranges  0x0000000000000000      0x708
 .debug_aranges
                0x0000000000000000       0x80 hal/src/hal_spi_m_sync.o
 .debug_aranges
                0x0000000000000080       0x30 hpl/pm/hpl_pm.o
 .debug_aranges
                0x00000000000000b0       0x20 hpl/core/hpl_init.o
 .debug_aranges
                0x00000000000000d0       0x20 hal/utils/src/utils_assert.o
 .debug_aranges
                0x00000000000000f0       0x28 hpl/sysctrl/hpl_sysctrl.o
 .debug_aranges
                0x0000000000000118       0x28 hpl/gclk/hpl_gclk.o
 .debug_aranges
                0x0000000000000140       0x38 main.o
 .debug_aranges
                0x0000000000000178       0x38 driver_init.o
 .debug_aranges
                0x00000000000001b0      0x4f0 hpl/sercom/hpl_sercom.o
 .debug_aranges
                0x00000000000006a0       0x20 atmel_start.o
 .debug_aranges
                0x00000000000006c0       0x28 gcc/gcc/startup_samd11.o
 .debug_aranges
                0x00000000000006e8       0x20 /usr/lib/gcc/arm-none-eabi/5.4.1/../../../arm-none-eabi/lib/armv6-m/libc_nano.a(lib_a-init.o)

.debug_ranges   0x0000000000000000     0x1060
 .debug_ranges  0x0000000000000000       0x70 hal/src/hal_spi_m_sync.o
 .debug_ranges  0x0000000000000070       0x50 hpl/pm/hpl_pm.o
 .debug_ranges  0x00000000000000c0       0x30 hpl/core/hpl_init.o
 .debug_ranges  0x00000000000000f0       0x10 hal/utils/src/utils_assert.o
 .debug_ranges  0x0000000000000100       0x48 hpl/sysctrl/hpl_sysctrl.o
 .debug_ranges  0x0000000000000148       0x30 hpl/gclk/hpl_gclk.o
 .debug_ranges  0x0000000000000178      0x1f0 main.o
 .debug_ranges  0x0000000000000368      0x220 driver_init.o
 .debug_ranges  0x0000000000000588      0xab0 hpl/sercom/hpl_sercom.o
 .debug_ranges  0x0000000000001038       0x10 atmel_start.o
 .debug_ranges  0x0000000000001048       0x18 gcc/gcc/startup_samd11.o

.debug_macro    0x0000000000000000     0x3bbc
 .debug_macro   0x0000000000000000      0x404 hal/src/hal_spi_m_sync.o
 .debug_macro   0x0000000000000404       0xc9 hal/src/hal_spi_m_sync.o
 .debug_macro   0x00000000000004cd      0x3ed hpl/pm/hpl_pm.o
 .debug_macro   0x00000000000008ba       0x10 hpl/pm/hpl_pm.o
 .debug_macro   0x00000000000008ca       0x28 hpl/pm/hpl_pm.o
 .debug_macro   0x00000000000008f2       0x2e hpl/pm/hpl_pm.o
 .debug_macro   0x0000000000000920      0x428 hpl/core/hpl_init.o
 .debug_macro   0x0000000000000d48       0x1c hpl/core/hpl_init.o
 .debug_macro   0x0000000000000d64      0x6ec hpl/core/hpl_init.o
 .debug_macro   0x0000000000001450      0x3b7 hal/utils/src/utils_assert.o
 .debug_macro   0x0000000000001807      0x3c4 hpl/sysctrl/hpl_sysctrl.o
 .debug_macro   0x0000000000001bcb      0x2da hpl/sysctrl/hpl_sysctrl.o
 .debug_macro   0x0000000000001ea5      0x3c4 hpl/gclk/hpl_gclk.o
 .debug_macro   0x0000000000002269      0x175 hpl/gclk/hpl_gclk.o
 .debug_macro   0x00000000000023de      0x499 main.o
 .debug_macro   0x0000000000002877       0x4c main.o
 .debug_macro   0x00000000000028c3      0x496 driver_init.o
 .debug_macro   0x0000000000002d59      0x5f5 hpl/sercom/hpl_sercom.o
 .debug_macro   0x000000000000334e       0x70 hpl/sercom/hpl_sercom.o
 .debug_macro   0x00000000000033be       0x94 hpl/sercom/hpl_sercom.o
 .debug_macro   0x0000000000003452       0x10 hpl/sercom/hpl_sercom.o
 .debug_macro   0x0000000000003462       0x1c hpl/sercom/hpl_sercom.o
 .debug_macro   0x000000000000347e       0x22 hpl/sercom/hpl_sercom.o
 .debug_macro   0x00000000000034a0       0x10 hpl/sercom/hpl_sercom.o
 .debug_macro   0x00000000000034b0      0x483 atmel_start.o
 .debug_macro   0x0000000000003933      0x289 gcc/gcc/startup_samd11.o

.debug_line     0x0000000000000000     0x6bb2
 .debug_line    0x0000000000000000      0x7fa hal/src/hal_spi_m_sync.o
 .debug_line    0x00000000000007fa      0x6d6 hpl/pm/hpl_pm.o
 .debug_line    0x0000000000000ed0      0x717 hpl/core/hpl_init.o
 .debug_line    0x00000000000015e7      0x61d hal/utils/src/utils_assert.o
 .debug_line    0x0000000000001c04      0x736 hpl/sysctrl/hpl_sysctrl.o
 .debug_line    0x000000000000233a      0x6ab hpl/gclk/hpl_gclk.o
 .debug_line    0x00000000000029e5      0x9f3 main.o
 .debug_line    0x00000000000033d8      0x89a driver_init.o
 .debug_line    0x0000000000003c72     0x2351 hpl/sercom/hpl_sercom.o
 .debug_line    0x0000000000005fc3      0x741 atmel_start.o
 .debug_line    0x0000000000006704      0x3ee gcc/gcc/startup_samd11.o
 .debug_line    0x0000000000006af2       0xc0 /usr/lib/gcc/arm-none-eabi/5.4.1/../../../arm-none-eabi/lib/armv6-m/libc_nano.a(lib_a-init.o)

.debug_str      0x0000000000000000    0x619d2
 .debug_str     0x0000000000000000    0x57f07 hal/src/hal_spi_m_sync.o
                                      0x58421 (size before relaxing)
 .debug_str     0x0000000000057f07      0x661 hpl/pm/hpl_pm.o
                                      0x58220 (size before relaxing)
 .debug_str     0x0000000000058568     0x187a hpl/core/hpl_init.o
                                      0x5966e (size before relaxing)
 .debug_str     0x0000000000059de2       0x36 hal/utils/src/utils_assert.o
                                      0x57b81 (size before relaxing)
 .debug_str     0x0000000000059e18     0x131d hpl/sysctrl/hpl_sysctrl.o
                                      0x58f4e (size before relaxing)
 .debug_str     0x000000000005b135      0x653 hpl/gclk/hpl_gclk.o
                                      0x58298 (size before relaxing)
 .debug_str     0x000000000005b788      0x526 main.o
                                      0x58995 (size before relaxing)
 .debug_str     0x000000000005bcae      0x813 driver_init.o
                                      0x59409 (size before relaxing)
 .debug_str     0x000000000005c4c1     0x4806 hpl/sercom/hpl_sercom.o
                                      0x5d33d (size before relaxing)
 .debug_str     0x0000000000060cc7       0x22 atmel_start.o
                                      0x58347 (size before relaxing)
 .debug_str     0x0000000000060ce9      0xb95 gcc/gcc/startup_samd11.o
                                      0x57adb (size before relaxing)
 .debug_str     0x000000000006187e      0x154 /usr/lib/gcc/arm-none-eabi/5.4.1/../../../arm-none-eabi/lib/armv6-m/libc_nano.a(lib_a-init.o)
                                        0x1f3 (size before relaxing)

.debug_frame    0x0000000000000000     0x1308
 .debug_frame   0x0000000000000000      0x174 hal/src/hal_spi_m_sync.o
 .debug_frame   0x0000000000000174       0x40 hpl/pm/hpl_pm.o
 .debug_frame   0x00000000000001b4       0x28 hpl/core/hpl_init.o
 .debug_frame   0x00000000000001dc       0x20 hal/utils/src/utils_assert.o
 .debug_frame   0x00000000000001fc       0x30 hpl/sysctrl/hpl_sysctrl.o
 .debug_frame   0x000000000000022c       0x30 hpl/gclk/hpl_gclk.o
 .debug_frame   0x000000000000025c       0x6c main.o
 .debug_frame   0x00000000000002c8       0x70 driver_init.o
 .debug_frame   0x0000000000000338      0xf40 hpl/sercom/hpl_sercom.o
 .debug_frame   0x0000000000001278       0x28 atmel_start.o
 .debug_frame   0x00000000000012a0       0x3c gcc/gcc/startup_samd11.o
 .debug_frame   0x00000000000012dc       0x2c /usr/lib/gcc/arm-none-eabi/5.4.1/../../../arm-none-eabi/lib/armv6-m/libc_nano.a(lib_a-init.o)
